../Middlewares/ST/STM32_USB_Host_Library/Class/HID/Src/usbh_hid.c:494:27:USBH_HID_SOFProcess	4	static
../Middlewares/ST/STM32_USB_Host_Library/Class/HID/Src/usbh_hid.c:288:20:USBH_HID_InterfaceDeInit	24	static
../Middlewares/ST/STM32_USB_Host_Library/Class/HID/Src/usbh_hid.c:135:27:create_handle	16	static
../Middlewares/ST/STM32_USB_Host_Library/Class/HID/Src/usbh_hid.c:335:27:USBH_HID_ClassRequest	16	static
../Middlewares/ST/STM32_USB_Host_Library/Class/HID/Src/usbh_hid.c:818:20:USBH_HID_Parameter	8	static
../Middlewares/ST/STM32_USB_Host_Library/Class/HID/Src/usbh_hid.c:151:27:USBH_HID_InterfaceInit	56	static
../Middlewares/ST/STM32_USB_Host_Library/Class/HID/Src/usbh_hid.c:525:20:USBH_HID_GetHIDReportDescriptor	16	static
../Middlewares/ST/STM32_USB_Host_Library/Class/HID/Src/usbh_hid.c:554:20:USBH_HID_GetHIDDescriptor	16	static
../Middlewares/ST/STM32_USB_Host_Library/Class/HID/Src/usbh_hid.c:588:20:USBH_HID_SetIdle	0	static
../Middlewares/ST/STM32_USB_Host_Library/Class/HID/Src/usbh_hid.c:606:20:USBH_HID_SetReport	0	static
../Middlewares/ST/STM32_USB_Host_Library/Class/HID/Src/usbh_hid.c:626:20:USBH_HID_GetReport	0	static
../Middlewares/ST/STM32_USB_Host_Library/Class/HID/Src/usbh_hid.c:642:20:USBH_HID_SetProtocol	0	static
../Middlewares/ST/STM32_USB_Host_Library/Class/HID/Src/usbh_hid.c:672:17:USBH_HID_GetDeviceType	0	static
../Middlewares/ST/STM32_USB_Host_Library/Class/HID/Src/usbh_hid.c:697:9:USBH_HID_GetPollInterval	0	static
../Middlewares/ST/STM32_USB_Host_Library/Class/HID/Src/usbh_hid.c:723:6:fifo_init	0	static
../Middlewares/ST/STM32_USB_Host_Library/Class/HID/Src/usbh_hid.c:740:11:fifo_read	12	static
../Middlewares/ST/STM32_USB_Host_Library/Class/HID/Src/usbh_hid.c:778:11:fifo_write	20	static
../Middlewares/ST/STM32_USB_Host_Library/Class/HID/Src/usbh_hid.c:814:13:USBH_HID_EventCallback	0	static
../Middlewares/ST/STM32_USB_Host_Library/Class/HID/Src/usbh_hid.c:414:27:USBH_HID_Process	16	static
