../Drivers/HAL_Driver/Src/stm32f4xx_hal_uart.c:1843:13:UART_SetConfig	24	static
../Drivers/HAL_Driver/Src/stm32f4xx_hal_uart.c:518:14:HAL_UART_MspInit	0	static
../Drivers/HAL_Driver/Src/stm32f4xx_hal_uart.c:240:19:HAL_UART_Init	8	static
../Drivers/HAL_Driver/Src/stm32f4xx_hal_uart.c:301:19:HAL_HalfDuplex_Init	8	static
../Drivers/HAL_Driver/Src/stm32f4xx_hal_uart.c:360:19:HAL_LIN_Init	16	static
../Drivers/HAL_Driver/Src/stm32f4xx_hal_uart.c:425:19:HAL_MultiProcessor_Init	16	static
../Drivers/HAL_Driver/Src/stm32f4xx_hal_uart.c:533:14:HAL_UART_MspDeInit	0	static
../Drivers/HAL_Driver/Src/stm32f4xx_hal_uart.c:487:19:HAL_UART_DeInit	8	static
../Drivers/HAL_Driver/Src/stm32f4xx_hal_uart.c:607:19:HAL_UART_Transmit	24	static
../Drivers/HAL_Driver/Src/stm32f4xx_hal_uart.c:701:19:HAL_UART_Receive	24	static
../Drivers/HAL_Driver/Src/stm32f4xx_hal_uart.c:800:19:HAL_UART_Transmit_IT	4	static
../Drivers/HAL_Driver/Src/stm32f4xx_hal_uart.c:852:19:HAL_UART_Receive_IT	4	static
../Drivers/HAL_Driver/Src/stm32f4xx_hal_uart.c:910:19:HAL_UART_Transmit_DMA	8	static
../Drivers/HAL_Driver/Src/stm32f4xx_hal_uart.c:981:19:HAL_UART_Receive_DMA	8	static
../Drivers/HAL_Driver/Src/stm32f4xx_hal_uart.c:1045:19:HAL_UART_DMAPause	0	static
../Drivers/HAL_Driver/Src/stm32f4xx_hal_uart.c:1079:19:HAL_UART_DMAResume	8	static
../Drivers/HAL_Driver/Src/stm32f4xx_hal_uart.c:1117:19:HAL_UART_DMAStop	8	static
../Drivers/HAL_Driver/Src/stm32f4xx_hal_uart.c:1234:14:HAL_UART_TxCpltCallback	0	static
../Drivers/HAL_Driver/Src/stm32f4xx_hal_uart.c:1528:13:UART_DMATransmitCplt	8	static
../Drivers/HAL_Driver/Src/stm32f4xx_hal_uart.c:1249:14:HAL_UART_TxHalfCpltCallback	0	static
../Drivers/HAL_Driver/Src/stm32f4xx_hal_uart.c:1556:13:UART_DMATxHalfCplt	8	static
../Drivers/HAL_Driver/Src/stm32f4xx_hal_uart.c:1264:13:HAL_UART_RxCpltCallback	0	static
../Drivers/HAL_Driver/Src/stm32f4xx_hal_uart.c:1568:13:UART_DMAReceiveCplt	8	static
../Drivers/HAL_Driver/Src/stm32f4xx_hal_uart.c:1279:13:HAL_UART_RxHalfCpltCallback	0	static
../Drivers/HAL_Driver/Src/stm32f4xx_hal_uart.c:1599:13:UART_DMARxHalfCplt	8	static
../Drivers/HAL_Driver/Src/stm32f4xx_hal_uart.c:1294:14:HAL_UART_ErrorCallback	0	static
../Drivers/HAL_Driver/Src/stm32f4xx_hal_uart.c:1611:13:UART_DMAError	8	static
../Drivers/HAL_Driver/Src/stm32f4xx_hal_uart.c:1151:6:HAL_UART_IRQHandler	24	static
../Drivers/HAL_Driver/Src/stm32f4xx_hal_uart.c:1330:19:HAL_LIN_SendBreak	0	static
../Drivers/HAL_Driver/Src/stm32f4xx_hal_uart.c:1357:19:HAL_MultiProcessor_EnterMuteMode	0	static
../Drivers/HAL_Driver/Src/stm32f4xx_hal_uart.c:1384:19:HAL_MultiProcessor_ExitMuteMode	0	static
../Drivers/HAL_Driver/Src/stm32f4xx_hal_uart.c:1411:19:HAL_HalfDuplex_EnableTransmitter	0	static
../Drivers/HAL_Driver/Src/stm32f4xx_hal_uart.c:1446:19:HAL_HalfDuplex_EnableReceiver	0	static
../Drivers/HAL_Driver/Src/stm32f4xx_hal_uart.c:1503:23:HAL_UART_GetState	0	static
../Drivers/HAL_Driver/Src/stm32f4xx_hal_uart.c:1514:10:HAL_UART_GetError	0	static
