../Drivers/HAL_Driver/Src/stm32f4xx_ll_usb.c:1445:19:USB_HC_StartXfer	48	static
../Drivers/HAL_Driver/Src/stm32f4xx_ll_usb.c:1575:10:USB_HC_ReadInterrupt	16	static
../Drivers/HAL_Driver/Src/stm32f4xx_ll_usb.c:1587:19:USB_HC_Halt	24	static
../Drivers/HAL_Driver/Src/stm32f4xx_ll_usb.c:1649:19:USB_DoPing	24	static
../Drivers/HAL_Driver/Src/stm32f4xx_ll_usb.c:1671:19:USB_StopHost	32	static
../Drivers/HAL_Driver/Src/stm32f4xx_ll_usb.c:1727:19:USB_StopHostChannel	24	static
../Drivers/HAL_Driver/Src/stm32f4xx_ll_usb.c:104:19:USB_CoreInit	0	static
../Drivers/HAL_Driver/Src/stm32f4xx_ll_usb.c:150:19:USB_EnableGlobalInt	0	static
../Drivers/HAL_Driver/Src/stm32f4xx_ll_usb.c:163:19:USB_DisableGlobalInt	0	static
../Drivers/HAL_Driver/Src/stm32f4xx_ll_usb.c:179:19:USB_SetCurrentMode	8	static
../Drivers/HAL_Driver/Src/stm32f4xx_ll_usb.c:204:19:USB_DevInit	24	static
../Drivers/HAL_Driver/Src/stm32f4xx_ll_usb.c:346:19:USB_FlushTxFifo	0	static
../Drivers/HAL_Driver/Src/stm32f4xx_ll_usb.c:370:19:USB_FlushRxFifo	0	static
../Drivers/HAL_Driver/Src/stm32f4xx_ll_usb.c:400:19:USB_SetDevSpeed	0	static
../Drivers/HAL_Driver/Src/stm32f4xx_ll_usb.c:415:9:USB_GetDevSpeed	0	static
../Drivers/HAL_Driver/Src/stm32f4xx_ll_usb.c:442:19:USB_ActivateEndpoint	8	static
../Drivers/HAL_Driver/Src/stm32f4xx_ll_usb.c:473:19:USB_ActivateDedicatedEndpoint	12	static
../Drivers/HAL_Driver/Src/stm32f4xx_ll_usb.c:516:19:USB_DeactivateEndpoint	0	static
../Drivers/HAL_Driver/Src/stm32f4xx_ll_usb.c:540:19:USB_DeactivateDedicatedEndpoint	0	static
../Drivers/HAL_Driver/Src/stm32f4xx_ll_usb.c:566:19:USB_EPStartXfer	24	static
../Drivers/HAL_Driver/Src/stm32f4xx_ll_usb.c:688:19:USB_EP0StartXfer	12	static
../Drivers/HAL_Driver/Src/stm32f4xx_ll_usb.c:780:19:USB_WritePacket	4	static
../Drivers/HAL_Driver/Src/stm32f4xx_ll_usb.c:808:7:USB_ReadPacket	8	static
../Drivers/HAL_Driver/Src/stm32f4xx_ll_usb.c:827:19:USB_EPSetStall	0	static
../Drivers/HAL_Driver/Src/stm32f4xx_ll_usb.c:855:19:USB_EPClearStall	0	static
../Drivers/HAL_Driver/Src/stm32f4xx_ll_usb.c:881:19:USB_StopDevice	8	static
../Drivers/HAL_Driver/Src/stm32f4xx_ll_usb.c:912:20:USB_SetDevAddress	0	static
../Drivers/HAL_Driver/Src/stm32f4xx_ll_usb.c:925:20:USB_DevConnect	8	static
../Drivers/HAL_Driver/Src/stm32f4xx_ll_usb.c:938:20:USB_DevDisconnect	8	static
../Drivers/HAL_Driver/Src/stm32f4xx_ll_usb.c:951:11:USB_ReadInterrupts	0	static
../Drivers/HAL_Driver/Src/stm32f4xx_ll_usb.c:965:10:USB_ReadDevAllOutEpInterrupt	0	static
../Drivers/HAL_Driver/Src/stm32f4xx_ll_usb.c:978:10:USB_ReadDevAllInEpInterrupt	0	static
../Drivers/HAL_Driver/Src/stm32f4xx_ll_usb.c:993:10:USB_ReadDevOutEPInterrupt	0	static
../Drivers/HAL_Driver/Src/stm32f4xx_ll_usb.c:1008:10:USB_ReadDevInEPInterrupt	4	static
../Drivers/HAL_Driver/Src/stm32f4xx_ll_usb.c:1025:7:USB_ClearInterrupts	0	static
../Drivers/HAL_Driver/Src/stm32f4xx_ll_usb.c:1038:10:USB_GetMode	0	static
../Drivers/HAL_Driver/Src/stm32f4xx_ll_usb.c:1049:20:USB_ActivateSetup	0	static
../Drivers/HAL_Driver/Src/stm32f4xx_ll_usb.c:1074:19:USB_EP0_OutStart	4	static
../Drivers/HAL_Driver/Src/stm32f4xx_ll_usb.c:1136:19:USB_HostInit	24	static
../Drivers/HAL_Driver/Src/stm32f4xx_ll_usb.c:1224:19:USB_InitFSLSPClkSel	0	static
../Drivers/HAL_Driver/Src/stm32f4xx_ll_usb.c:1247:19:USB_ResetPort	16	static
../Drivers/HAL_Driver/Src/stm32f4xx_ll_usb.c:1270:19:USB_DriveVbus	8	static
../Drivers/HAL_Driver/Src/stm32f4xx_ll_usb.c:1298:10:USB_GetHostSpeed	8	static
../Drivers/HAL_Driver/Src/stm32f4xx_ll_usb.c:1311:10:USB_GetCurrentFrame	0	static
../Drivers/HAL_Driver/Src/stm32f4xx_ll_usb.c:1340:19:USB_HC_Init	20	static
