../Drivers/HAL_Driver/Src/stm32f4xx_hal_usart.c:302:14:HAL_USART_MspInit	0	static
../Drivers/HAL_Driver/Src/stm32f4xx_hal_usart.c:222:19:HAL_USART_Init	24	static
../Drivers/HAL_Driver/Src/stm32f4xx_hal_usart.c:317:14:HAL_USART_MspDeInit	0	static
../Drivers/HAL_Driver/Src/stm32f4xx_hal_usart.c:268:19:HAL_USART_DeInit	8	static
../Drivers/HAL_Driver/Src/stm32f4xx_hal_usart.c:400:19:HAL_USART_Transmit	24	static
../Drivers/HAL_Driver/Src/stm32f4xx_hal_usart.c:477:19:HAL_USART_Receive	32	static
../Drivers/HAL_Driver/Src/stm32f4xx_hal_usart.c:579:19:HAL_USART_TransmitReceive	32	static
../Drivers/HAL_Driver/Src/stm32f4xx_hal_usart.c:689:19:HAL_USART_Transmit_IT	4	static
../Drivers/HAL_Driver/Src/stm32f4xx_hal_usart.c:738:19:HAL_USART_Receive_IT	4	static
../Drivers/HAL_Driver/Src/stm32f4xx_hal_usart.c:788:19:HAL_USART_TransmitReceive_IT	8	static
../Drivers/HAL_Driver/Src/stm32f4xx_hal_usart.c:840:19:HAL_USART_Transmit_DMA	24	static
../Drivers/HAL_Driver/Src/stm32f4xx_hal_usart.c:901:19:HAL_USART_Receive_DMA	32	static
../Drivers/HAL_Driver/Src/stm32f4xx_hal_usart.c:974:19:HAL_USART_TransmitReceive_DMA	48	static
../Drivers/HAL_Driver/Src/stm32f4xx_hal_usart.c:1052:19:HAL_USART_DMAPause	4	static
../Drivers/HAL_Driver/Src/stm32f4xx_hal_usart.c:1072:19:HAL_USART_DMAResume	4	static
../Drivers/HAL_Driver/Src/stm32f4xx_hal_usart.c:1092:19:HAL_USART_DMAStop	8	static
../Drivers/HAL_Driver/Src/stm32f4xx_hal_usart.c:1219:14:HAL_USART_TxCpltCallback	0	static
../Drivers/HAL_Driver/Src/stm32f4xx_hal_usart.c:1358:13:USART_DMATransmitCplt	8	static
../Drivers/HAL_Driver/Src/stm32f4xx_hal_usart.c:1234:14:HAL_USART_TxHalfCpltCallback	0	static
../Drivers/HAL_Driver/Src/stm32f4xx_hal_usart.c:1391:13:USART_DMATxHalfCplt	8	static
../Drivers/HAL_Driver/Src/stm32f4xx_hal_usart.c:1249:13:HAL_USART_RxCpltCallback	0	static
../Drivers/HAL_Driver/Src/stm32f4xx_hal_usart.c:1264:13:HAL_USART_RxHalfCpltCallback	0	static
../Drivers/HAL_Driver/Src/stm32f4xx_hal_usart.c:1452:13:USART_DMARxHalfCplt	8	static
../Drivers/HAL_Driver/Src/stm32f4xx_hal_usart.c:1279:13:HAL_USART_TxRxCpltCallback	0	static
../Drivers/HAL_Driver/Src/stm32f4xx_hal_usart.c:1403:13:USART_DMAReceiveCplt	8	static
../Drivers/HAL_Driver/Src/stm32f4xx_hal_usart.c:1693:26:USART_TransmitReceive_IT.part.0.isra	8	static
../Drivers/HAL_Driver/Src/stm32f4xx_hal_usart.c:1294:14:HAL_USART_ErrorCallback	0	static
../Drivers/HAL_Driver/Src/stm32f4xx_hal_usart.c:1464:13:USART_DMAError	8	static
../Drivers/HAL_Driver/Src/stm32f4xx_hal_usart.c:1126:6:HAL_USART_IRQHandler	24	static
../Drivers/HAL_Driver/Src/stm32f4xx_hal_usart.c:1332:24:HAL_USART_GetState	0	static
../Drivers/HAL_Driver/Src/stm32f4xx_hal_usart.c:1343:10:HAL_USART_GetError	0	static
