../Drivers/HAL_Driver/Src/stm32f4xx_hal_hcd.c:187:19:HAL_HCD_HC_Init	48	static
../Drivers/HAL_Driver/Src/stm32f4xx_hal_hcd.c:226:19:HAL_HCD_HC_Halt	8	static
../Drivers/HAL_Driver/Src/stm32f4xx_hal_hcd.c:267:14:HAL_HCD_MspInit	0	static
../Drivers/HAL_Driver/Src/stm32f4xx_hal_hcd.c:130:19:HAL_HCD_Init	64	static
../Drivers/HAL_Driver/Src/stm32f4xx_hal_hcd.c:281:14:HAL_HCD_MspDeInit	0	static
../Drivers/HAL_Driver/Src/stm32f4xx_hal_hcd.c:242:19:HAL_HCD_DeInit	8	static
../Drivers/HAL_Driver/Src/stm32f4xx_hal_hcd.c:332:19:HAL_HCD_HC_SubmitRequest	20	static
../Drivers/HAL_Driver/Src/stm32f4xx_hal_hcd.c:559:13:HAL_HCD_SOF_Callback	0	static
../Drivers/HAL_Driver/Src/stm32f4xx_hal_hcd.c:573:13:HAL_HCD_Connect_Callback	0	static
../Drivers/HAL_Driver/Src/stm32f4xx_hal_hcd.c:587:13:HAL_HCD_Disconnect_Callback	0	static
../Drivers/HAL_Driver/Src/stm32f4xx_hal_hcd.c:611:13:HAL_HCD_HC_NotifyURBChange_Callback	0	static
../Drivers/HAL_Driver/Src/stm32f4xx_hal_hcd.c:456:6:HAL_HCD_IRQHandler	56	static
../Drivers/HAL_Driver/Src/stm32f4xx_hal_hcd.c:646:19:HAL_HCD_Start	16	static
../Drivers/HAL_Driver/Src/stm32f4xx_hal_hcd.c:661:19:HAL_HCD_Stop	8	static
../Drivers/HAL_Driver/Src/stm32f4xx_hal_hcd.c:669:19:HAL_HCD_StopHC	8	static
../Drivers/HAL_Driver/Src/stm32f4xx_hal_hcd.c:682:19:HAL_HCD_ResetPort	0	static
../Drivers/HAL_Driver/Src/stm32f4xx_hal_hcd.c:711:18:HAL_HCD_GetState	0	static
../Drivers/HAL_Driver/Src/stm32f4xx_hal_hcd.c:730:21:HAL_HCD_HC_GetURBState	0	static
../Drivers/HAL_Driver/Src/stm32f4xx_hal_hcd.c:743:10:HAL_HCD_HC_GetXferCount	0	static
../Drivers/HAL_Driver/Src/stm32f4xx_hal_hcd.c:765:21:HAL_HCD_HC_GetState	0	static
../Drivers/HAL_Driver/Src/stm32f4xx_hal_hcd.c:775:10:HAL_HCD_GetCurrentFrame	0	static
../Drivers/HAL_Driver/Src/stm32f4xx_hal_hcd.c:785:10:HAL_HCD_GetCurrentSpeed	0	static
