../Drivers/HAL_Driver/Src/stm32f4xx_hal_flash.c:710:13:FLASH_SetErrorCode	0	static
../Drivers/HAL_Driver/Src/stm32f4xx_hal_flash.c:174:19:HAL_FLASH_Program	40	static
../Drivers/HAL_Driver/Src/stm32f4xx_hal_flash.c:232:19:HAL_FLASH_Program_IT	12	static
../Drivers/HAL_Driver/Src/stm32f4xx_hal_flash.c:397:13:HAL_FLASH_EndOfOperationCallback	0	static
../Drivers/HAL_Driver/Src/stm32f4xx_hal_flash.c:414:13:HAL_FLASH_OperationErrorCallback	0	static
../Drivers/HAL_Driver/Src/stm32f4xx_hal_flash.c:279:6:HAL_FLASH_IRQHandler	24	static
../Drivers/HAL_Driver/Src/stm32f4xx_hal_flash.c:446:19:HAL_FLASH_Unlock	0	static
../Drivers/HAL_Driver/Src/stm32f4xx_hal_flash.c:466:19:HAL_FLASH_Lock	0	static
../Drivers/HAL_Driver/Src/stm32f4xx_hal_flash.c:478:19:HAL_FLASH_OB_Unlock	0	static
../Drivers/HAL_Driver/Src/stm32f4xx_hal_flash.c:498:19:HAL_FLASH_OB_Lock	0	static
../Drivers/HAL_Driver/Src/stm32f4xx_hal_flash.c:510:19:HAL_FLASH_OB_Launch	16	static
../Drivers/HAL_Driver/Src/stm32f4xx_hal_flash.c:547:10:HAL_FLASH_GetError	0	static
../Drivers/HAL_Driver/Src/stm32f4xx_hal_flash.c:561:19:FLASH_WaitForLastOperation	16	static
