../USB_HOST/Target/usbh_conf.c:33:6:HAL_HCD_MspInit	64	static
../USB_HOST/Target/usbh_conf.c:117:6:HAL_HCD_MspDeInit	0	static
../USB_HOST/Target/usbh_conf.c:143:6:HAL_HCD_SOF_Callback	8	static
../USB_HOST/Target/usbh_conf.c:161:6:HAL_HCD_Connect_Callback	0	static
../USB_HOST/Target/usbh_conf.c:171:6:HAL_HCD_Disconnect_Callback	0	static
../USB_HOST/Target/usbh_conf.c:182:6:HAL_HCD_HC_NotifyURBChange_Callback	0	static
../USB_HOST/Target/usbh_conf.c:195:21:USBH_LL_Init	16	static
../USB_HOST/Target/usbh_conf.c:230:21:USBH_LL_DeInit	8	static
../USB_HOST/Target/usbh_conf.c:242:21:USBH_LL_Start	8	static
../USB_HOST/Target/usbh_conf.c:254:21:USBH_LL_Stop	8	static
../USB_HOST/Target/usbh_conf.c:260:21:USBH_LL_StopHC	8	static
../USB_HOST/Target/usbh_conf.c:273:19:USBH_LL_GetSpeed	8	static
../USB_HOST/Target/usbh_conf.c:296:20:USBH_LL_ResetPort	8	static
../USB_HOST/Target/usbh_conf.c:309:10:USBH_LL_GetLastXferSize	0	static
../USB_HOST/Target/usbh_conf.c:326:20:USBH_LL_OpenPipe	24	static
../USB_HOST/Target/usbh_conf.c:345:20:USBH_LL_ClosePipe	8	static
../USB_HOST/Target/usbh_conf.c:380:22:USBH_LL_SubmitURB	24	static
../USB_HOST/Target/usbh_conf.c:416:22:USBH_LL_GetURBState	0	static
../USB_HOST/Target/usbh_conf.c:431:20:USBH_LL_DriverVBUS	8	static
../USB_HOST/Target/usbh_conf.c:486:20:USBH_LL_SetToggle	0	static
../USB_HOST/Target/usbh_conf.c:507:9:USBH_LL_GetToggle	0	static
../USB_HOST/Target/usbh_conf.c:529:6:USBH_Delay	0	static
../USB_HOST/Target/usbh_conf.c:540:19:USBH_LL_SetupEP0	12	static
