Archive member included to satisfy reference by file (symbol)

/opt/st/stm32cubeide_1.11.0/plugins/com.st.stm32cube.ide.mcu.externaltools.gnu-tools-for-stm32.10.3-2021.10.linux64_1.0.100.202210260954/tools/bin/../lib/gcc/arm-none-eabi/10.3.1/../../../../arm-none-eabi/lib/thumb/v7e-m+fp/hard/libc_nano.a(lib_a-calloc.o)
                              ./Middlewares/ST/STM32_USB_Host_Library/Class/HID/Src/usbh_hid.o (calloc)
/opt/st/stm32cubeide_1.11.0/plugins/com.st.stm32cube.ide.mcu.externaltools.gnu-tools-for-stm32.10.3-2021.10.linux64_1.0.100.202210260954/tools/bin/../lib/gcc/arm-none-eabi/10.3.1/../../../../arm-none-eabi/lib/thumb/v7e-m+fp/hard/libc_nano.a(lib_a-errno.o)
                              ./Core/Src/syscalls.o (__errno)
/opt/st/stm32cubeide_1.11.0/plugins/com.st.stm32cube.ide.mcu.externaltools.gnu-tools-for-stm32.10.3-2021.10.linux64_1.0.100.202210260954/tools/bin/../lib/gcc/arm-none-eabi/10.3.1/../../../../arm-none-eabi/lib/thumb/v7e-m+fp/hard/libc_nano.a(lib_a-exit.o)
                              /opt/st/stm32cubeide_1.11.0/plugins/com.st.stm32cube.ide.mcu.externaltools.gnu-tools-for-stm32.10.3-2021.10.linux64_1.0.100.202210260954/tools/bin/../lib/gcc/arm-none-eabi/10.3.1/../../../../arm-none-eabi/lib/thumb/v7e-m+fp/hard/crt0.o (exit)
/opt/st/stm32cubeide_1.11.0/plugins/com.st.stm32cube.ide.mcu.externaltools.gnu-tools-for-stm32.10.3-2021.10.linux64_1.0.100.202210260954/tools/bin/../lib/gcc/arm-none-eabi/10.3.1/../../../../arm-none-eabi/lib/thumb/v7e-m+fp/hard/libc_nano.a(lib_a-impure.o)
                              /opt/st/stm32cubeide_1.11.0/plugins/com.st.stm32cube.ide.mcu.externaltools.gnu-tools-for-stm32.10.3-2021.10.linux64_1.0.100.202210260954/tools/bin/../lib/gcc/arm-none-eabi/10.3.1/../../../../arm-none-eabi/lib/thumb/v7e-m+fp/hard/libc_nano.a(lib_a-exit.o) (_global_impure_ptr)
/opt/st/stm32cubeide_1.11.0/plugins/com.st.stm32cube.ide.mcu.externaltools.gnu-tools-for-stm32.10.3-2021.10.linux64_1.0.100.202210260954/tools/bin/../lib/gcc/arm-none-eabi/10.3.1/../../../../arm-none-eabi/lib/thumb/v7e-m+fp/hard/libc_nano.a(lib_a-init.o)
                              /opt/st/stm32cubeide_1.11.0/plugins/com.st.stm32cube.ide.mcu.externaltools.gnu-tools-for-stm32.10.3-2021.10.linux64_1.0.100.202210260954/tools/bin/../lib/gcc/arm-none-eabi/10.3.1/../../../../arm-none-eabi/lib/thumb/v7e-m+fp/hard/crt0.o (__libc_init_array)
/opt/st/stm32cubeide_1.11.0/plugins/com.st.stm32cube.ide.mcu.externaltools.gnu-tools-for-stm32.10.3-2021.10.linux64_1.0.100.202210260954/tools/bin/../lib/gcc/arm-none-eabi/10.3.1/../../../../arm-none-eabi/lib/thumb/v7e-m+fp/hard/libc_nano.a(lib_a-malloc.o)
                              ./Middlewares/ST/STM32_USB_Host_Library/Class/MSC/Src/usbh_msc.o (malloc)
/opt/st/stm32cubeide_1.11.0/plugins/com.st.stm32cube.ide.mcu.externaltools.gnu-tools-for-stm32.10.3-2021.10.linux64_1.0.100.202210260954/tools/bin/../lib/gcc/arm-none-eabi/10.3.1/../../../../arm-none-eabi/lib/thumb/v7e-m+fp/hard/libc_nano.a(lib_a-memset.o)
                              /opt/st/stm32cubeide_1.11.0/plugins/com.st.stm32cube.ide.mcu.externaltools.gnu-tools-for-stm32.10.3-2021.10.linux64_1.0.100.202210260954/tools/bin/../lib/gcc/arm-none-eabi/10.3.1/../../../../arm-none-eabi/lib/thumb/v7e-m+fp/hard/crt0.o (memset)
/opt/st/stm32cubeide_1.11.0/plugins/com.st.stm32cube.ide.mcu.externaltools.gnu-tools-for-stm32.10.3-2021.10.linux64_1.0.100.202210260954/tools/bin/../lib/gcc/arm-none-eabi/10.3.1/../../../../arm-none-eabi/lib/thumb/v7e-m+fp/hard/libc_nano.a(lib_a-nano-callocr.o)
                              /opt/st/stm32cubeide_1.11.0/plugins/com.st.stm32cube.ide.mcu.externaltools.gnu-tools-for-stm32.10.3-2021.10.linux64_1.0.100.202210260954/tools/bin/../lib/gcc/arm-none-eabi/10.3.1/../../../../arm-none-eabi/lib/thumb/v7e-m+fp/hard/libc_nano.a(lib_a-calloc.o) (_calloc_r)
/opt/st/stm32cubeide_1.11.0/plugins/com.st.stm32cube.ide.mcu.externaltools.gnu-tools-for-stm32.10.3-2021.10.linux64_1.0.100.202210260954/tools/bin/../lib/gcc/arm-none-eabi/10.3.1/../../../../arm-none-eabi/lib/thumb/v7e-m+fp/hard/libc_nano.a(lib_a-nano-freer.o)
                              /opt/st/stm32cubeide_1.11.0/plugins/com.st.stm32cube.ide.mcu.externaltools.gnu-tools-for-stm32.10.3-2021.10.linux64_1.0.100.202210260954/tools/bin/../lib/gcc/arm-none-eabi/10.3.1/../../../../arm-none-eabi/lib/thumb/v7e-m+fp/hard/libc_nano.a(lib_a-malloc.o) (_free_r)
/opt/st/stm32cubeide_1.11.0/plugins/com.st.stm32cube.ide.mcu.externaltools.gnu-tools-for-stm32.10.3-2021.10.linux64_1.0.100.202210260954/tools/bin/../lib/gcc/arm-none-eabi/10.3.1/../../../../arm-none-eabi/lib/thumb/v7e-m+fp/hard/libc_nano.a(lib_a-nano-mallocr.o)
                              /opt/st/stm32cubeide_1.11.0/plugins/com.st.stm32cube.ide.mcu.externaltools.gnu-tools-for-stm32.10.3-2021.10.linux64_1.0.100.202210260954/tools/bin/../lib/gcc/arm-none-eabi/10.3.1/../../../../arm-none-eabi/lib/thumb/v7e-m+fp/hard/libc_nano.a(lib_a-malloc.o) (_malloc_r)
[...]
Memory Configuration

Name             Origin             Length             Attributes
FLASH            0x0000000008000000 0x0000000000100000 xr
RAM              0x0000000020000000 0x0000000000030000 xrw
MEMORY_B1        0x0000000060000000 0x0000000000000000 xr
*default*        0x0000000000000000 0xffffffffffffffff

Linker script and memory map

LOAD /opt/st/stm32cubeide_1.11.0/plugins/com.st.stm32cube.ide.mcu.externaltools.gnu-tools-for-stm32.10.3-2021.10.linux64_1.0.100.202210260954/tools/bin/../lib/gcc/arm-none-eabi/10.3.1/thumb/v7e-m+fp/hard/crti.o
LOAD /opt/st/stm32cubeide_1.11.0/plugins/com.st.stm32cube.ide.mcu.externaltools.gnu-tools-for-stm32.10.3-2021.10.linux64_1.0.100.202210260954/tools/bin/../lib/gcc/arm-none-eabi/10.3.1/thumb/v7e-m+fp/hard/crtbegin.o
LOAD /opt/st/stm32cubeide_1.11.0/plugins/com.st.stm32cube.ide.mcu.externaltools.gnu-tools-for-stm32.10.3-2021.10.linux64_1.0.100.202210260954/tools/bin/../lib/gcc/arm-none-eabi/10.3.1/../../../../arm-none-eabi/lib/thumb/v7e-m+fp/hard/crt0.o
LOAD ./Core/Src/log.o
LOAD ./Core/Src/main.o
LOAD ./Core/Src/stm32f4xx_it.o
LOAD ./Core/Src/syscalls.o
LOAD ./Core/Src/system_stm32f4xx.o
LOAD ./Core/Startup/startup_stm32f407xx.o
LOAD ./Drivers/HAL_Driver/Src/stm32f4xx_hal.o
LOAD ./Drivers/HAL_Driver/Src/stm32f4xx_hal_cortex.o
LOAD ./Drivers/HAL_Driver/Src/stm32f4xx_hal_dma.o
LOAD ./Drivers/HAL_Driver/Src/stm32f4xx_hal_dma_ex.o
LOAD ./Drivers/HAL_Driver/Src/stm32f4xx_hal_flash.o
LOAD ./Drivers/HAL_Driver/Src/stm32f4xx_hal_flash_ex.o
LOAD ./Drivers/HAL_Driver/Src/stm32f4xx_hal_flash_ramfunc.o
LOAD ./Drivers/HAL_Driver/Src/stm32f4xx_hal_gpio.o
LOAD ./Drivers/HAL_Driver/Src/stm32f4xx_hal_hcd.o
LOAD ./Drivers/HAL_Driver/Src/stm32f4xx_hal_i2c_ex.o
LOAD ./Drivers/HAL_Driver/Src/stm32f4xx_hal_pcd.o
LOAD ./Drivers/HAL_Driver/Src/stm32f4xx_hal_pcd_ex.o
LOAD ./Drivers/HAL_Driver/Src/stm32f4xx_hal_pwr.o
LOAD ./Drivers/HAL_Driver/Src/stm32f4xx_hal_pwr_ex.o
LOAD ./Drivers/HAL_Driver/Src/stm32f4xx_hal_rcc.o
LOAD ./Drivers/HAL_Driver/Src/stm32f4xx_hal_rcc_ex.o
LOAD ./Drivers/HAL_Driver/Src/stm32f4xx_hal_tim.o
LOAD ./Drivers/HAL_Driver/Src/stm32f4xx_hal_tim_ex.o
LOAD ./Drivers/HAL_Driver/Src/stm32f4xx_hal_uart.o
LOAD ./Drivers/HAL_Driver/Src/stm32f4xx_hal_usart.o
LOAD ./Drivers/HAL_Driver/Src/stm32f4xx_ll_usb.o
LOAD ./Middlewares/ST/STM32_USB_Host_Library/Class/HID/Src/usbh_hid.o
LOAD ./Middlewares/ST/STM32_USB_Host_Library/Class/HID/Src/usbh_hid_keybd.o
LOAD ./Middlewares/ST/STM32_USB_Host_Library/Class/HID/Src/usbh_hid_mouse.o
LOAD ./Middlewares/ST/STM32_USB_Host_Library/Class/HID/Src/usbh_hid_parser.o
LOAD ./Middlewares/ST/STM32_USB_Host_Library/Class/HUB/Src/usbh_hub.o
LOAD ./Middlewares/ST/STM32_USB_Host_Library/Class/MSC/Src/usbh_msc.o
LOAD ./Middlewares/ST/STM32_USB_Host_Library/Class/MSC/Src/usbh_msc_bot.o
LOAD ./Middlewares/ST/STM32_USB_Host_Library/Class/MSC/Src/usbh_msc_scsi.o
LOAD ./Middlewares/ST/STM32_USB_Host_Library/Core/Src/usbh_core.o
LOAD ./Middlewares/ST/STM32_USB_Host_Library/Core/Src/usbh_ctlreq.o
LOAD ./Middlewares/ST/STM32_USB_Host_Library/Core/Src/usbh_ioreq.o
LOAD ./Middlewares/ST/STM32_USB_Host_Library/Core/Src/usbh_pipes.o
LOAD ./USB_HOST/App/usb_host.o
LOAD ./USB_HOST/Target/usbh_conf.o
LOAD ./Utilities/STM32F4-Discovery/stm32f4_discovery.o
LOAD ./Utilities/STM32F4-Diymore/stm32f4_diymore.o
START GROUP
LOAD /opt/st/stm32cubeide_1.11.0/plugins/com.st.stm32cube.ide.mcu.externaltools.gnu-tools-for-stm32.10.3-2021.10.linux64_1.0.100.202210260954/tools/bin/../lib/gcc/arm-none-eabi/10.3.1/../../../../arm-none-eabi/lib/thumb/v7e-m+fp/hard/libc_nano.a
LOAD /opt/st/stm32cubeide_1.11.0/plugins/com.st.stm32cube.ide.mcu.externaltools.gnu-tools-for-stm32.10.3-2021.10.linux64_1.0.100.202210260954/tools/bin/../lib/gcc/arm-none-eabi/10.3.1/../../../../arm-none-eabi/lib/thumb/v7e-m+fp/hard/libm.a
END GROUP
START GROUP
LOAD /opt/st/stm32cubeide_1.11.0/plugins/com.st.stm32cube.ide.mcu.externaltools.gnu-tools-for-stm32.10.3-2021.10.linux64_1.0.100.202210260954/tools/bin/../lib/gcc/arm-none-eabi/10.3.1/thumb/v7e-m+fp/hard/libgcc.a
LOAD /opt/st/stm32cubeide_1.11.0/plugins/com.st.stm32cube.ide.mcu.externaltools.gnu-tools-for-stm32.10.3-2021.10.linux64_1.0.100.202210260954/tools/bin/../lib/gcc/arm-none-eabi/10.3.1/../../../../arm-none-eabi/lib/thumb/v7e-m+fp/hard/libc_nano.a
END GROUP
START GROUP
LOAD /opt/st/stm32cubeide_1.11.0/plugins/com.st.stm32cube.ide.mcu.externaltools.gnu-tools-for-stm32.10.3-2021.10.linux64_1.0.100.202210260954/tools/bin/../lib/gcc/arm-none-eabi/10.3.1/thumb/v7e-m+fp/hard/libgcc.a
LOAD /opt/st/stm32cubeide_1.11.0/plugins/com.st.stm32cube.ide.mcu.externaltools.gnu-tools-for-stm32.10.3-2021.10.linux64_1.0.100.202210260954/tools/bin/../lib/gcc/arm-none-eabi/10.3.1/../../../../arm-none-eabi/lib/thumb/v7e-m+fp/hard/libc_nano.a
LOAD /opt/st/stm32cubeide_1.11.0/plugins/com.st.stm32cube.ide.mcu.externaltools.gnu-tools-for-stm32.10.3-2021.10.linux64_1.0.100.202210260954/tools/bin/../lib/gcc/arm-none-eabi/10.3.1/../../../../arm-none-eabi/lib/thumb/v7e-m+fp/hard/libnosys.a
END GROUP
START GROUP
LOAD /opt/st/stm32cubeide_1.11.0/plugins/com.st.stm32cube.ide.mcu.externaltools.gnu-tools-for-stm32.10.3-2021.10.linux64_1.0.100.202210260954/tools/bin/../lib/gcc/arm-none-eabi/10.3.1/thumb/v7e-m+fp/hard/libgcc.a
LOAD /opt/st/stm32cubeide_1.11.0/plugins/com.st.stm32cube.ide.mcu.externaltools.gnu-tools-for-stm32.10.3-2021.10.linux64_1.0.100.202210260954/tools/bin/../lib/gcc/arm-none-eabi/10.3.1/../../../../arm-none-eabi/lib/thumb/v7e-m+fp/hard/libc_nano.a
LOAD /opt/st/stm32cubeide_1.11.0/plugins/com.st.stm32cube.ide.mcu.externaltools.gnu-tools-for-stm32.10.3-2021.10.linux64_1.0.100.202210260954/tools/bin/../lib/gcc/arm-none-eabi/10.3.1/../../../../arm-none-eabi/lib/thumb/v7e-m+fp/hard/libnosys.a
END GROUP
LOAD /opt/st/stm32cubeide_1.11.0/plugins/com.st.stm32cube.ide.mcu.externaltools.gnu-tools-for-stm32.10.3-2021.10.linux64_1.0.100.202210260954/tools/bin/../lib/gcc/arm-none-eabi/10.3.1/thumb/v7e-m+fp/hard/crtend.o
LOAD /opt/st/stm32cubeide_1.11.0/plugins/com.st.stm32cube.ide.mcu.externaltools.gnu-tools-for-stm32.10.3-2021.10.linux64_1.0.100.202210260954/tools/bin/../lib/gcc/arm-none-eabi/10.3.1/thumb/v7e-m+fp/hard/crtn.o
                0x0000000020020000                _estack = 0x20020000
                0x0000000000000000                _Min_Heap_Size = 0x0
                0x0000000000000400                _Min_Stack_Size = 0x400

.isr_vector     0x0000000008000000      0x188
                0x0000000008000000                . = ALIGN (0x4)
 *(.isr_vector)
 .isr_vector    0x0000000008000000      0x188 ./Core/Startup/startup_stm32f407xx.o
                0x0000000008000000                g_pfnVectors
                0x0000000008000188                . = ALIGN (0x4)

.text           0x0000000008000190     0x7a7c
                0x0000000008000190                . = ALIGN (0x4)
 *(.text)
 .text          0x0000000008000190       0x40 /opt/st/stm32cubeide_1.11.0/plugins/com.st.stm32cube.ide.mcu.externaltools.gnu-tools-for-stm32.10.3-2021.10.linux64_1.0.100.202210260954/tools/bin/../lib/gcc/arm-none-eabi/10.3.1/thumb/v7e-m+fp/hard/crtbegin.o
 .text          0x00000000080001d0       0x10 /opt/st/stm32cubeide_1.11.0/plugins/com.st.stm32cube.ide.mcu.externaltools.gnu-tools-for-stm32.10.3-2021.10.linux64_1.0.100.202210260954/tools/bin/../lib/gcc/arm-none-eabi/10.3.1/../../../../arm-none-eabi/lib/thumb/v7e-m+fp/hard/libc_nano.a(lib_a-strlen.o)
                0x00000000080001d0                strlen
 .text          0x00000000080001e0       0xa0 /opt/st/stm32cubeide_1.11.0/plugins/com.st.stm32cube.ide.mcu.externaltools.gnu-tools-for-stm32.10.3-2021.10.linux64_1.0.100.202210260954/tools/bin/../lib/gcc/arm-none-eabi/10.3.1/../../../../arm-none-eabi/lib/thumb/v7e-m+fp/hard/libc_nano.a(lib_a-memchr.o)
                0x00000000080001e0                memchr
 *(.text*)
 .text.LOG1.constprop.0
                0x0000000008000280       0x44 ./Core/Src/log.o
 .text.LOG_INIT
                0x00000000080002c4       0x30 ./Core/Src/log.o
                0x00000000080002c4                LOG_INIT
 .text.LOG      0x00000000080002f4       0x58 ./Core/Src/log.o
                0x00000000080002f4                LOG
 .text.LOG_ARRAY
                0x000000000800034c       0x3c ./Core/Src/log.o
                0x000000000800034c                LOG_ARRAY
 .text.startup.main
                0x0000000008000388      0x158 ./Core/Src/main.o
                0x0000000008000388                main
 .text.SysTick_Handler
                0x00000000080004e0       0x10 ./Core/Src/stm32f4xx_it.o
                0x00000000080004e0                SysTick_Handler
 .text.OTG_FS_IRQHandler
                0x00000000080004f0       0x20 ./Core/Src/stm32f4xx_it.o
                0x00000000080004f0                OTG_FS_IRQHandler
 .text.OTG_HS_IRQHandler
                0x0000000008000510       0x2c ./Core/Src/stm32f4xx_it.o
                0x0000000008000510                OTG_HS_IRQHandler
 .text._sbrk    0x000000000800053c       0x38 ./Core/Src/syscalls.o
                0x000000000800053c                _sbrk
 .text.SystemInit
                0x0000000008000574       0x50 ./Core/Src/system_stm32f4xx.o
                0x0000000008000574                SystemInit
 .text.Reset_Handler
                0x00000000080005c4       0x50 ./Core/Startup/startup_stm32f407xx.o
                0x00000000080005c4                Reset_Handler
 .text.Default_Handler
                0x0000000008000614        0x2 ./Core/Startup/startup_stm32f407xx.o
                0x0000000008000614                RTC_Alarm_IRQHandler
                0x0000000008000614                HASH_RNG_IRQHandler
                0x0000000008000614                EXTI2_IRQHandler
                0x0000000008000614                TIM8_CC_IRQHandler
                0x0000000008000614                DebugMon_Handler
                0x0000000008000614                TIM1_CC_IRQHandler
                0x0000000008000614                DMA2_Stream5_IRQHandler
                0x0000000008000614                HardFault_Handler
                0x0000000008000614                DMA1_Stream5_IRQHandler
                0x0000000008000614                PVD_IRQHandler
                0x0000000008000614                SDIO_IRQHandler
                0x0000000008000614                TAMP_STAMP_IRQHandler
                0x0000000008000614                PendSV_Handler
                0x0000000008000614                NMI_Handler
                0x0000000008000614                CAN2_RX1_IRQHandler
                0x0000000008000614                EXTI3_IRQHandler
                0x0000000008000614                TIM8_TRG_COM_TIM14_IRQHandler
                0x0000000008000614                TIM1_UP_TIM10_IRQHandler
                0x0000000008000614                TIM8_UP_TIM13_IRQHandler
                0x0000000008000614                I2C3_ER_IRQHandler
                0x0000000008000614                EXTI0_IRQHandler
                0x0000000008000614                I2C2_EV_IRQHandler
                0x0000000008000614                DMA1_Stream2_IRQHandler
                0x0000000008000614                CAN1_RX0_IRQHandler
                0x0000000008000614                FPU_IRQHandler
                0x0000000008000614                OTG_HS_WKUP_IRQHandler
                0x0000000008000614                UsageFault_Handler
                0x0000000008000614                CAN2_SCE_IRQHandler
                0x0000000008000614                DMA2_Stream2_IRQHandler
                0x0000000008000614                SPI1_IRQHandler
                0x0000000008000614                TIM6_DAC_IRQHandler
                0x0000000008000614                TIM1_BRK_TIM9_IRQHandler
                0x0000000008000614                DCMI_IRQHandler
                0x0000000008000614                CAN2_RX0_IRQHandler
                0x0000000008000614                DMA2_Stream3_IRQHandler
                0x0000000008000614                USART6_IRQHandler
                0x0000000008000614                USART3_IRQHandler
                0x0000000008000614                CAN1_RX1_IRQHandler
                0x0000000008000614                UART5_IRQHandler
                0x0000000008000614                DMA2_Stream0_IRQHandler
                0x0000000008000614                TIM4_IRQHandler
                0x0000000008000614                I2C1_EV_IRQHandler
                0x0000000008000614                DMA1_Stream6_IRQHandler
                0x0000000008000614                DMA1_Stream1_IRQHandler
                0x0000000008000614                UART4_IRQHandler
                0x0000000008000614                TIM3_IRQHandler
                0x0000000008000614                RCC_IRQHandler
                0x0000000008000614                TIM8_BRK_TIM12_IRQHandler
                0x0000000008000614                Default_Handler
                0x0000000008000614                EXTI15_10_IRQHandler
                0x0000000008000614                ADC_IRQHandler
                0x0000000008000614                DMA1_Stream7_IRQHandler
                0x0000000008000614                TIM7_IRQHandler
                0x0000000008000614                CAN2_TX_IRQHandler
                0x0000000008000614                TIM5_IRQHandler
                0x0000000008000614                DMA2_Stream7_IRQHandler
                0x0000000008000614                I2C3_EV_IRQHandler
                0x0000000008000614                EXTI9_5_IRQHandler
                0x0000000008000614                RTC_WKUP_IRQHandler
                0x0000000008000614                ETH_WKUP_IRQHandler
                0x0000000008000614                SPI2_IRQHandler
                0x0000000008000614                OTG_HS_EP1_IN_IRQHandler
                0x0000000008000614                MemManage_Handler
                0x0000000008000614                DMA1_Stream0_IRQHandler
                0x0000000008000614                CAN1_TX_IRQHandler
                0x0000000008000614                SVC_Handler
                0x0000000008000614                EXTI4_IRQHandler
                0x0000000008000614                FSMC_IRQHandler
                0x0000000008000614                ETH_IRQHandler
                0x0000000008000614                OTG_HS_EP1_OUT_IRQHandler
                0x0000000008000614                WWDG_IRQHandler
                0x0000000008000614                TIM2_IRQHandler
                0x0000000008000614                OTG_FS_WKUP_IRQHandler
                0x0000000008000614                TIM1_TRG_COM_TIM11_IRQHandler
                0x0000000008000614                EXTI1_IRQHandler
                0x0000000008000614                USART2_IRQHandler
                0x0000000008000614                I2C2_ER_IRQHandler
                0x0000000008000614                DMA2_Stream1_IRQHandler
                0x0000000008000614                CAN1_SCE_IRQHandler
                0x0000000008000614                FLASH_IRQHandler
                0x0000000008000614                DMA2_Stream4_IRQHandler
                0x0000000008000614                BusFault_Handler
                0x0000000008000614                USART1_IRQHandler
                0x0000000008000614                SPI3_IRQHandler
                0x0000000008000614                DMA1_Stream4_IRQHandler
                0x0000000008000614                I2C1_ER_IRQHandler
                0x0000000008000614                DMA2_Stream6_IRQHandler
                0x0000000008000614                DMA1_Stream3_IRQHandler
 *fill*         0x0000000008000616        0x2 
 .text.HAL_MspInit
                0x0000000008000618        0x4 ./Drivers/HAL_Driver/Src/stm32f4xx_hal.o
                0x0000000008000618                HAL_MspInit
 .text.HAL_InitTick
                0x000000000800061c       0x30 ./Drivers/HAL_Driver/Src/stm32f4xx_hal.o
                0x000000000800061c                HAL_InitTick
 .text.HAL_Init
                0x000000000800064c       0x2c ./Drivers/HAL_Driver/Src/stm32f4xx_hal.o
                0x000000000800064c                HAL_Init
 .text.HAL_IncTick
                0x0000000008000678       0x10 ./Drivers/HAL_Driver/Src/stm32f4xx_hal.o
                0x0000000008000678                HAL_IncTick
 .text.HAL_GetTick
                0x0000000008000688        0xc ./Drivers/HAL_Driver/Src/stm32f4xx_hal.o
                0x0000000008000688                HAL_GetTick
 .text.HAL_Delay
                0x0000000008000694       0x1c ./Drivers/HAL_Driver/Src/stm32f4xx_hal.o
                0x0000000008000694                HAL_Delay
 .text.HAL_NVIC_SetPriorityGrouping
                0x00000000080006b0       0x24 ./Drivers/HAL_Driver/Src/stm32f4xx_hal_cortex.o
                0x00000000080006b0                HAL_NVIC_SetPriorityGrouping
 .text.HAL_NVIC_SetPriority
                0x00000000080006d4       0x7c ./Drivers/HAL_Driver/Src/stm32f4xx_hal_cortex.o
                0x00000000080006d4                HAL_NVIC_SetPriority
 .text.HAL_NVIC_EnableIRQ
                0x0000000008000750       0x18 ./Drivers/HAL_Driver/Src/stm32f4xx_hal_cortex.o
                0x0000000008000750                HAL_NVIC_EnableIRQ
 .text.HAL_SYSTICK_Config
                0x0000000008000768       0x34 ./Drivers/HAL_Driver/Src/stm32f4xx_hal_cortex.o
                0x0000000008000768                HAL_SYSTICK_Config
 .text.HAL_NVIC_ClearPendingIRQ
                0x000000000800079c       0x1c ./Drivers/HAL_Driver/Src/stm32f4xx_hal_cortex.o
                0x000000000800079c                HAL_NVIC_ClearPendingIRQ
 .text.HAL_SYSTICK_Callback
                0x00000000080007b8        0x4 ./Drivers/HAL_Driver/Src/stm32f4xx_hal_cortex.o
                0x00000000080007b8                HAL_SYSTICK_Callback
 .text.HAL_SYSTICK_IRQHandler
                0x00000000080007bc        0x8 ./Drivers/HAL_Driver/Src/stm32f4xx_hal_cortex.o
                0x00000000080007bc                HAL_SYSTICK_IRQHandler
 .text.HAL_GPIO_Init
                0x00000000080007c4      0x278 ./Drivers/HAL_Driver/Src/stm32f4xx_hal_gpio.o
                0x00000000080007c4                HAL_GPIO_Init
 .text.HAL_GPIO_WritePin
                0x0000000008000a3c        0x8 ./Drivers/HAL_Driver/Src/stm32f4xx_hal_gpio.o
                0x0000000008000a3c                HAL_GPIO_WritePin
 .text.HAL_GPIO_TogglePin
                0x0000000008000a44        0x8 ./Drivers/HAL_Driver/Src/stm32f4xx_hal_gpio.o
                0x0000000008000a44                HAL_GPIO_TogglePin
 .text.HAL_HCD_HC_Init
                0x0000000008000a4c       0x70 ./Drivers/HAL_Driver/Src/stm32f4xx_hal_hcd.o
                0x0000000008000a4c                HAL_HCD_HC_Init
 .text.HAL_HCD_HC_Halt
                0x0000000008000abc       0x24 ./Drivers/HAL_Driver/Src/stm32f4xx_hal_hcd.o
                0x0000000008000abc                HAL_HCD_HC_Halt
 .text.HAL_HCD_Init
                0x0000000008000ae0       0x84 ./Drivers/HAL_Driver/Src/stm32f4xx_hal_hcd.o
                0x0000000008000ae0                HAL_HCD_Init
 .text.HAL_HCD_HC_SubmitRequest
                0x0000000008000b64      0x118 ./Drivers/HAL_Driver/Src/stm32f4xx_hal_hcd.o
                0x0000000008000b64                HAL_HCD_HC_SubmitRequest
 .text.HAL_HCD_IRQHandler
                0x0000000008000c7c      0x75c ./Drivers/HAL_Driver/Src/stm32f4xx_hal_hcd.o
                0x0000000008000c7c                HAL_HCD_IRQHandler
 .text.HAL_HCD_Start
                0x00000000080013d8       0x2c ./Drivers/HAL_Driver/Src/stm32f4xx_hal_hcd.o
                0x00000000080013d8                HAL_HCD_Start
 .text.HAL_HCD_Stop
                0x0000000008001404       0x24 ./Drivers/HAL_Driver/Src/stm32f4xx_hal_hcd.o
                0x0000000008001404                HAL_HCD_Stop
 .text.HAL_HCD_StopHC
                0x0000000008001428       0x24 ./Drivers/HAL_Driver/Src/stm32f4xx_hal_hcd.o
                0x0000000008001428                HAL_HCD_StopHC
 .text.HAL_HCD_ResetPort
                0x000000000800144c        0x8 ./Drivers/HAL_Driver/Src/stm32f4xx_hal_hcd.o
                0x000000000800144c                HAL_HCD_ResetPort
 .text.HAL_HCD_HC_GetURBState
                0x0000000008001454       0x10 ./Drivers/HAL_Driver/Src/stm32f4xx_hal_hcd.o
                0x0000000008001454                HAL_HCD_HC_GetURBState
 .text.HAL_HCD_HC_GetXferCount
                0x0000000008001464        0xc ./Drivers/HAL_Driver/Src/stm32f4xx_hal_hcd.o
                0x0000000008001464                HAL_HCD_HC_GetXferCount
 .text.HAL_HCD_GetCurrentFrame
                0x0000000008001470        0x8 ./Drivers/HAL_Driver/Src/stm32f4xx_hal_hcd.o
                0x0000000008001470                HAL_HCD_GetCurrentFrame
 .text.HAL_HCD_GetCurrentSpeed
                0x0000000008001478        0x8 ./Drivers/HAL_Driver/Src/stm32f4xx_hal_hcd.o
                0x0000000008001478                HAL_HCD_GetCurrentSpeed
 .text.HAL_RCC_OscConfig
                0x0000000008001480      0x34c ./Drivers/HAL_Driver/Src/stm32f4xx_hal_rcc.o
                0x0000000008001480                HAL_RCC_OscConfig
 .text.HAL_RCC_ClockConfig
                0x00000000080017cc      0x208 ./Drivers/HAL_Driver/Src/stm32f4xx_hal_rcc.o
                0x00000000080017cc                HAL_RCC_ClockConfig
 .text.HAL_RCC_GetSysClockFreq
                0x00000000080019d4       0x74 ./Drivers/HAL_Driver/Src/stm32f4xx_hal_rcc.o
                0x00000000080019d4                HAL_RCC_GetSysClockFreq
 .text.HAL_RCC_GetHCLKFreq
                0x0000000008001a48       0x34 ./Drivers/HAL_Driver/Src/stm32f4xx_hal_rcc.o
                0x0000000008001a48                HAL_RCC_GetHCLKFreq
 .text.HAL_RCC_GetPCLK1Freq
                0x0000000008001a7c       0x4c ./Drivers/HAL_Driver/Src/stm32f4xx_hal_rcc.o
                0x0000000008001a7c                HAL_RCC_GetPCLK1Freq
 .text.HAL_RCC_GetPCLK2Freq
                0x0000000008001ac8       0x4c ./Drivers/HAL_Driver/Src/stm32f4xx_hal_rcc.o
                0x0000000008001ac8                HAL_RCC_GetPCLK2Freq
 .text.UART_SetConfig
                0x0000000008001b14      0x1a0 ./Drivers/HAL_Driver/Src/stm32f4xx_hal_uart.o
 .text.HAL_UART_MspInit
                0x0000000008001cb4        0x4 ./Drivers/HAL_Driver/Src/stm32f4xx_hal_uart.o
                0x0000000008001cb4                HAL_UART_MspInit
 .text.HAL_UART_Init
                0x0000000008001cb8       0x60 ./Drivers/HAL_Driver/Src/stm32f4xx_hal_uart.o
                0x0000000008001cb8                HAL_UART_Init
 .text.HAL_UART_Transmit
                0x0000000008001d18      0x170 ./Drivers/HAL_Driver/Src/stm32f4xx_hal_uart.o
                0x0000000008001d18                HAL_UART_Transmit
 .text.USB_HC_StartXfer
                0x0000000008001e88      0x368 ./Drivers/HAL_Driver/Src/stm32f4xx_ll_usb.o
                0x0000000008001e88                USB_HC_StartXfer
 .text.USB_HC_ReadInterrupt
                0x00000000080021f0       0x20 ./Drivers/HAL_Driver/Src/stm32f4xx_ll_usb.o
                0x00000000080021f0                USB_HC_ReadInterrupt
 .text.USB_HC_Halt
                0x0000000008002210      0x1f4 ./Drivers/HAL_Driver/Src/stm32f4xx_ll_usb.o
                0x0000000008002210                USB_HC_Halt
 .text.USB_DoPing
                0x0000000008002404       0x74 ./Drivers/HAL_Driver/Src/stm32f4xx_ll_usb.o
                0x0000000008002404                USB_DoPing
 .text.USB_StopHost
                0x0000000008002478      0x108 ./Drivers/HAL_Driver/Src/stm32f4xx_ll_usb.o
                0x0000000008002478                USB_StopHost
 .text.USB_StopHostChannel
                0x0000000008002580       0xc4 ./Drivers/HAL_Driver/Src/stm32f4xx_ll_usb.o
                0x0000000008002580                USB_StopHostChannel
 .text.USB_CoreInit
                0x0000000008002644       0xb4 ./Drivers/HAL_Driver/Src/stm32f4xx_ll_usb.o
                0x0000000008002644                USB_CoreInit
 .text.USB_EnableGlobalInt
                0x00000000080026f8       0x10 ./Drivers/HAL_Driver/Src/stm32f4xx_ll_usb.o
                0x00000000080026f8                USB_EnableGlobalInt
 .text.USB_DisableGlobalInt
                0x0000000008002708       0x10 ./Drivers/HAL_Driver/Src/stm32f4xx_ll_usb.o
                0x0000000008002708                USB_DisableGlobalInt
 .text.USB_SetCurrentMode
                0x0000000008002718       0x34 ./Drivers/HAL_Driver/Src/stm32f4xx_ll_usb.o
                0x0000000008002718                USB_SetCurrentMode
 .text.USB_FlushTxFifo
                0x000000000800274c       0x24 ./Drivers/HAL_Driver/Src/stm32f4xx_ll_usb.o
                0x000000000800274c                USB_FlushTxFifo
 .text.USB_FlushRxFifo
                0x0000000008002770       0x20 ./Drivers/HAL_Driver/Src/stm32f4xx_ll_usb.o
                0x0000000008002770                USB_FlushRxFifo
 .text.USB_WritePacket
                0x0000000008002790       0x30 ./Drivers/HAL_Driver/Src/stm32f4xx_ll_usb.o
                0x0000000008002790                USB_WritePacket
 .text.USB_ReadPacket
                0x00000000080027c0       0x2c ./Drivers/HAL_Driver/Src/stm32f4xx_ll_usb.o
                0x00000000080027c0                USB_ReadPacket
 .text.USB_ReadInterrupts
                0x00000000080027ec        0x8 ./Drivers/HAL_Driver/Src/stm32f4xx_ll_usb.o
                0x00000000080027ec                USB_ReadInterrupts
 .text.USB_GetMode
                0x00000000080027f4        0x8 ./Drivers/HAL_Driver/Src/stm32f4xx_ll_usb.o
                0x00000000080027f4                USB_GetMode
 .text.USB_HostInit
                0x00000000080027fc      0x120 ./Drivers/HAL_Driver/Src/stm32f4xx_ll_usb.o
                0x00000000080027fc                USB_HostInit
 .text.USB_InitFSLSPClkSel
                0x000000000800291c       0x3c ./Drivers/HAL_Driver/Src/stm32f4xx_ll_usb.o
                0x000000000800291c                USB_InitFSLSPClkSel
 .text.USB_ResetPort
                0x0000000008002958       0x34 ./Drivers/HAL_Driver/Src/stm32f4xx_ll_usb.o
                0x0000000008002958                USB_ResetPort
 .text.USB_DriveVbus
                0x000000000800298c       0x44 ./Drivers/HAL_Driver/Src/stm32f4xx_ll_usb.o
                0x000000000800298c                USB_DriveVbus
 .text.USB_GetHostSpeed
                0x00000000080029d0       0x14 ./Drivers/HAL_Driver/Src/stm32f4xx_ll_usb.o
                0x00000000080029d0                USB_GetHostSpeed
 .text.USB_GetCurrentFrame
                0x00000000080029e4        0xc ./Drivers/HAL_Driver/Src/stm32f4xx_ll_usb.o
                0x00000000080029e4                USB_GetCurrentFrame
 .text.USB_HC_Init
                0x00000000080029f0       0xfc ./Drivers/HAL_Driver/Src/stm32f4xx_ll_usb.o
                0x00000000080029f0                USB_HC_Init
 .text.USBH_HID_SOFProcess
                0x0000000008002aec       0x4c ./Middlewares/ST/STM32_USB_Host_Library/Class/HID/Src/usbh_hid.o
 .text.USBH_HID_InterfaceDeInit
                0x0000000008002b38       0x9c ./Middlewares/ST/STM32_USB_Host_Library/Class/HID/Src/usbh_hid.o
 .text.create_handle
                0x0000000008002bd4       0x24 ./Middlewares/ST/STM32_USB_Host_Library/Class/HID/Src/usbh_hid.o
 .text.USBH_HID_ClassRequest
                0x0000000008002bf8       0x74 ./Middlewares/ST/STM32_USB_Host_Library/Class/HID/Src/usbh_hid.o
 .text.USBH_HID_Parameter
                0x0000000008002c6c       0x94 ./Middlewares/ST/STM32_USB_Host_Library/Class/HID/Src/usbh_hid.o
 .text.USBH_HID_InterfaceInit
                0x0000000008002d00      0x3c0 ./Middlewares/ST/STM32_USB_Host_Library/Class/HID/Src/usbh_hid.o
 .text.USBH_HID_GetDeviceType
                0x00000000080030c0       0x2c ./Middlewares/ST/STM32_USB_Host_Library/Class/HID/Src/usbh_hid.o
                0x00000000080030c0                USBH_HID_GetDeviceType
 .text.fifo_init
                0x00000000080030ec        0xc ./Middlewares/ST/STM32_USB_Host_Library/Class/HID/Src/usbh_hid.o
                0x00000000080030ec                fifo_init
 .text.fifo_read
                0x00000000080030f8       0x7c ./Middlewares/ST/STM32_USB_Host_Library/Class/HID/Src/usbh_hid.o
                0x00000000080030f8                fifo_read
 .text.USBH_HID_EventCallback
                0x0000000008003174        0x4 ./Middlewares/ST/STM32_USB_Host_Library/Class/HID/Src/usbh_hid.o
                0x0000000008003174                USBH_HID_EventCallback
 .text.USBH_HID_Process
                0x0000000008003178      0x110 ./Middlewares/ST/STM32_USB_Host_Library/Class/HID/Src/usbh_hid.o
 .text.USBH_HID_KeybdInit
                0x0000000008003288       0x48 ./Middlewares/ST/STM32_USB_Host_Library/Class/HID/Src/usbh_hid_keybd.o
                0x0000000008003288                USBH_HID_KeybdInit
 .text.USBH_HID_GetKeybdInfo
                0x00000000080032d0       0xdc ./Middlewares/ST/STM32_USB_Host_Library/Class/HID/Src/usbh_hid_keybd.o
                0x00000000080032d0                USBH_HID_GetKeybdInfo
 .text.USBH_HID_MouseInit
                0x00000000080033ac       0x44 ./Middlewares/ST/STM32_USB_Host_Library/Class/HID/Src/usbh_hid_mouse.o
                0x00000000080033ac                USBH_HID_MouseInit
 .text.USBH_HID_GetMouseInfo
                0x00000000080033f0      0x19c ./Middlewares/ST/STM32_USB_Host_Library/Class/HID/Src/usbh_hid_mouse.o
                0x00000000080033f0                USBH_HID_GetMouseInfo
 .text.HID_ReadItem
                0x000000000800358c       0x98 ./Middlewares/ST/STM32_USB_Host_Library/Class/HID/Src/usbh_hid_parser.o
                0x000000000800358c                HID_ReadItem
 .text.USBH_HUB_SOFProcess
                0x0000000008003624       0x20 ./Middlewares/ST/STM32_USB_Host_Library/Class/HUB/Src/usbh_hub.o
 .text.USBH_HUB_ClassRequest
                0x0000000008003644       0xd8 ./Middlewares/ST/STM32_USB_Host_Library/Class/HUB/Src/usbh_hub.o
 .text.USBH_HUB_InterfaceDeInit
                0x000000000800371c       0x44 ./Middlewares/ST/STM32_USB_Host_Library/Class/HUB/Src/usbh_hub.o
 .text.USBH_HUB_InterfaceInit
                0x0000000008003760      0x108 ./Middlewares/ST/STM32_USB_Host_Library/Class/HUB/Src/usbh_hub.o
 .text.detach.constprop.0
                0x0000000008003868       0xb8 ./Middlewares/ST/STM32_USB_Host_Library/Class/HUB/Src/usbh_hub.o
 .text.USBH_HUB_Process
                0x0000000008003920      0x3e0 ./Middlewares/ST/STM32_USB_Host_Library/Class/HUB/Src/usbh_hub.o
 .text.USBH_MSC_SOFProcess
                0x0000000008003d00        0x4 ./Middlewares/ST/STM32_USB_Host_Library/Class/MSC/Src/usbh_msc.o
 .text.USBH_MSC_Process
                0x0000000008003d04      0x33c ./Middlewares/ST/STM32_USB_Host_Library/Class/MSC/Src/usbh_msc.o
 .text.USBH_MSC_ClassRequest
                0x0000000008004040       0x80 ./Middlewares/ST/STM32_USB_Host_Library/Class/MSC/Src/usbh_msc.o
 .text.USBH_MSC_InterfaceDeInit
                0x00000000080040c0       0x58 ./Middlewares/ST/STM32_USB_Host_Library/Class/MSC/Src/usbh_msc.o
 .text.USBH_MSC_InterfaceInit
                0x0000000008004118      0x144 ./Middlewares/ST/STM32_USB_Host_Library/Class/MSC/Src/usbh_msc.o
 .text.USBH_MSC_BOT_REQ_GetMaxLUN
                0x000000000800425c       0x18 ./Middlewares/ST/STM32_USB_Host_Library/Class/MSC/Src/usbh_msc_bot.o
                0x000000000800425c                USBH_MSC_BOT_REQ_GetMaxLUN
 .text.USBH_MSC_BOT_Init
                0x0000000008004274       0x24 ./Middlewares/ST/STM32_USB_Host_Library/Class/MSC/Src/usbh_msc_bot.o
                0x0000000008004274                USBH_MSC_BOT_Init
 .text.USBH_MSC_BOT_Process
                0x0000000008004298      0x218 ./Middlewares/ST/STM32_USB_Host_Library/Class/MSC/Src/usbh_msc_bot.o
                0x0000000008004298                USBH_MSC_BOT_Process
 .text.USBH_MSC_SCSI_TestUnitReady
                0x00000000080044b0       0x4c ./Middlewares/ST/STM32_USB_Host_Library/Class/MSC/Src/usbh_msc_scsi.o
                0x00000000080044b0                USBH_MSC_SCSI_TestUnitReady
 .text.USBH_MSC_SCSI_ReadCapacity
                0x00000000080044fc       0x74 ./Middlewares/ST/STM32_USB_Host_Library/Class/MSC/Src/usbh_msc_scsi.o
                0x00000000080044fc                USBH_MSC_SCSI_ReadCapacity
 .text.USBH_MSC_SCSI_Inquiry
                0x0000000008004570       0xc0 ./Middlewares/ST/STM32_USB_Host_Library/Class/MSC/Src/usbh_msc_scsi.o
                0x0000000008004570                USBH_MSC_SCSI_Inquiry
 .text.USBH_MSC_SCSI_RequestSense
                0x0000000008004630       0x80 ./Middlewares/ST/STM32_USB_Host_Library/Class/MSC/Src/usbh_msc_scsi.o
                0x0000000008004630                USBH_MSC_SCSI_RequestSense
 .text.USBH_Init
                0x00000000080046b0       0x68 ./Middlewares/ST/STM32_USB_Host_Library/Core/Src/usbh_core.o
                0x00000000080046b0                USBH_Init
 .text.USBH_RegisterClass
                0x0000000008004718       0x3c ./Middlewares/ST/STM32_USB_Host_Library/Core/Src/usbh_core.o
                0x0000000008004718                USBH_RegisterClass
 .text.USBH_SelectInterface
                0x0000000008004754       0x60 ./Middlewares/ST/STM32_USB_Host_Library/Core/Src/usbh_core.o
                0x0000000008004754                USBH_SelectInterface
 .text.USBH_FindInterface
                0x00000000080047b4      0x158 ./Middlewares/ST/STM32_USB_Host_Library/Core/Src/usbh_core.o
                0x00000000080047b4                USBH_FindInterface
 .text.USBH_Start
                0x000000000800490c       0x14 ./Middlewares/ST/STM32_USB_Host_Library/Core/Src/usbh_core.o
                0x000000000800490c                USBH_Start
 .text.USBH_Process
                0x0000000008004920      0x528 ./Middlewares/ST/STM32_USB_Host_Library/Core/Src/usbh_core.o
                0x0000000008004920                USBH_Process
 .text.USBH_LL_SetTimer
                0x0000000008004e48        0x8 ./Middlewares/ST/STM32_USB_Host_Library/Core/Src/usbh_core.o
                0x0000000008004e48                USBH_LL_SetTimer
 .text.USBH_LL_IncTimer
                0x0000000008004e50       0x20 ./Middlewares/ST/STM32_USB_Host_Library/Core/Src/usbh_core.o
                0x0000000008004e50                USBH_LL_IncTimer
 .text.USBH_LL_Connect
                0x0000000008004e70       0x38 ./Middlewares/ST/STM32_USB_Host_Library/Core/Src/usbh_core.o
                0x0000000008004e70                USBH_LL_Connect
 .text.USBH_LL_Disconnect
                0x0000000008004ea8       0x70 ./Middlewares/ST/STM32_USB_Host_Library/Core/Src/usbh_core.o
                0x0000000008004ea8                USBH_LL_Disconnect
 .text.USBH_CtlReq.part.0
                0x0000000008004f18      0x1a0 ./Middlewares/ST/STM32_USB_Host_Library/Core/Src/usbh_ctlreq.o
 .text.USBH_Get_DevDesc
                0x00000000080050b8       0xd4 ./Middlewares/ST/STM32_USB_Host_Library/Core/Src/usbh_ctlreq.o
                0x00000000080050b8                USBH_Get_DevDesc
 .text.USBH_Get_CfgDesc
                0x000000000800518c      0x1e4 ./Middlewares/ST/STM32_USB_Host_Library/Core/Src/usbh_ctlreq.o
                0x000000000800518c                USBH_Get_CfgDesc
 .text.USBH_Get_StringDesc
                0x0000000008005370       0x7c ./Middlewares/ST/STM32_USB_Host_Library/Core/Src/usbh_ctlreq.o
                0x0000000008005370                USBH_Get_StringDesc
 .text.USBH_GetDescriptor
                0x00000000080053ec      0x1f8 ./Middlewares/ST/STM32_USB_Host_Library/Core/Src/usbh_ctlreq.o
                0x00000000080053ec                USBH_GetDescriptor
 .text.USBH_SetAddress
                0x00000000080055e4      0x1c8 ./Middlewares/ST/STM32_USB_Host_Library/Core/Src/usbh_ctlreq.o
                0x00000000080055e4                USBH_SetAddress
 .text.USBH_SetCfg
                0x00000000080057ac      0x1c8 ./Middlewares/ST/STM32_USB_Host_Library/Core/Src/usbh_ctlreq.o
                0x00000000080057ac                USBH_SetCfg
 .text.USBH_ClrFeature
                0x0000000008005974      0x1c8 ./Middlewares/ST/STM32_USB_Host_Library/Core/Src/usbh_ctlreq.o
                0x0000000008005974                USBH_ClrFeature
 .text.USBH_CtlReq
                0x0000000008005b3c      0x1b8 ./Middlewares/ST/STM32_USB_Host_Library/Core/Src/usbh_ctlreq.o
                0x0000000008005b3c                USBH_CtlReq
 .text.USBH_CtlSendSetup
                0x0000000008005cf4       0x24 ./Middlewares/ST/STM32_USB_Host_Library/Core/Src/usbh_ioreq.o
                0x0000000008005cf4                USBH_CtlSendSetup
 .text.USBH_CtlSendData
                0x0000000008005d18       0x30 ./Middlewares/ST/STM32_USB_Host_Library/Core/Src/usbh_ioreq.o
                0x0000000008005d18                USBH_CtlSendData
 .text.USBH_CtlReceiveData
                0x0000000008005d48       0x20 ./Middlewares/ST/STM32_USB_Host_Library/Core/Src/usbh_ioreq.o
                0x0000000008005d48                USBH_CtlReceiveData
 .text.USBH_BulkSendData
                0x0000000008005d68       0x30 ./Middlewares/ST/STM32_USB_Host_Library/Core/Src/usbh_ioreq.o
                0x0000000008005d68                USBH_BulkSendData
 .text.USBH_BulkReceiveData
                0x0000000008005d98       0x20 ./Middlewares/ST/STM32_USB_Host_Library/Core/Src/usbh_ioreq.o
                0x0000000008005d98                USBH_BulkReceiveData
 .text.USBH_InterruptReceiveData
                0x0000000008005db8       0x20 ./Middlewares/ST/STM32_USB_Host_Library/Core/Src/usbh_ioreq.o
                0x0000000008005db8                USBH_InterruptReceiveData
 .text.USBH_OpenPipe
                0x0000000008005dd8       0x20 ./Middlewares/ST/STM32_USB_Host_Library/Core/Src/usbh_pipes.o
                0x0000000008005dd8                USBH_OpenPipe
 .text.USBH_ClosePipe
                0x0000000008005df8        0xc ./Middlewares/ST/STM32_USB_Host_Library/Core/Src/usbh_pipes.o
                0x0000000008005df8                USBH_ClosePipe
 .text.USBH_AllocPipe
                0x0000000008005e04      0x114 ./Middlewares/ST/STM32_USB_Host_Library/Core/Src/usbh_pipes.o
                0x0000000008005e04                USBH_AllocPipe
 .text.USBH_FreePipe
                0x0000000008005f18       0x18 ./Middlewares/ST/STM32_USB_Host_Library/Core/Src/usbh_pipes.o
                0x0000000008005f18                USBH_FreePipe
 .text.USBH_UserProcess
                0x0000000008005f30       0x28 ./USB_HOST/App/usb_host.o
 .text.MX_USB_HOST_Init
                0x0000000008005f58       0x68 ./USB_HOST/App/usb_host.o
                0x0000000008005f58                MX_USB_HOST_Init
 .text.MX_USB_HOST_Process
                0x0000000008005fc0      0x118 ./USB_HOST/App/usb_host.o
                0x0000000008005fc0                MX_USB_HOST_Process
 .text.HAL_HCD_MspInit
                0x00000000080060d8      0x128 ./USB_HOST/Target/usbh_conf.o
                0x00000000080060d8                HAL_HCD_MspInit
 .text.HAL_HCD_SOF_Callback
                0x0000000008006200       0x7c ./USB_HOST/Target/usbh_conf.o
                0x0000000008006200                HAL_HCD_SOF_Callback
 .text.HAL_HCD_Connect_Callback
                0x000000000800627c        0x8 ./USB_HOST/Target/usbh_conf.o
                0x000000000800627c                HAL_HCD_Connect_Callback
 .text.HAL_HCD_Disconnect_Callback
                0x0000000008006284        0x8 ./USB_HOST/Target/usbh_conf.o
                0x0000000008006284                HAL_HCD_Disconnect_Callback
 .text.HAL_HCD_HC_NotifyURBChange_Callback
                0x000000000800628c        0x4 ./USB_HOST/Target/usbh_conf.o
                0x000000000800628c                HAL_HCD_HC_NotifyURBChange_Callback
 .text.USBH_LL_Init
                0x0000000008006290       0x70 ./USB_HOST/Target/usbh_conf.o
                0x0000000008006290                USBH_LL_Init
 .text.USBH_LL_Start
                0x0000000008006300       0x10 ./USB_HOST/Target/usbh_conf.o
                0x0000000008006300                USBH_LL_Start
 .text.USBH_LL_Stop
                0x0000000008006310       0x10 ./USB_HOST/Target/usbh_conf.o
                0x0000000008006310                USBH_LL_Stop
 .text.USBH_LL_StopHC
                0x0000000008006320       0x10 ./USB_HOST/Target/usbh_conf.o
                0x0000000008006320                USBH_LL_StopHC
 .text.USBH_LL_GetSpeed
                0x0000000008006330       0x28 ./USB_HOST/Target/usbh_conf.o
                0x0000000008006330                USBH_LL_GetSpeed
 .text.USBH_LL_ResetPort
                0x0000000008006358       0x10 ./USB_HOST/Target/usbh_conf.o
                0x0000000008006358                USBH_LL_ResetPort
 .text.USBH_LL_GetLastXferSize
                0x0000000008006368        0x8 ./USB_HOST/Target/usbh_conf.o
                0x0000000008006368                USBH_LL_GetLastXferSize
 .text.USBH_LL_OpenPipe
                0x0000000008006370       0x24 ./USB_HOST/Target/usbh_conf.o
                0x0000000008006370                USBH_LL_OpenPipe
 .text.USBH_LL_ClosePipe
                0x0000000008006394       0x10 ./USB_HOST/Target/usbh_conf.o
                0x0000000008006394                USBH_LL_ClosePipe
 .text.USBH_LL_SubmitURB
                0x00000000080063a4       0x28 ./USB_HOST/Target/usbh_conf.o
                0x00000000080063a4                USBH_LL_SubmitURB
 .text.USBH_LL_GetURBState
                0x00000000080063cc        0x8 ./USB_HOST/Target/usbh_conf.o
                0x00000000080063cc                USBH_LL_GetURBState
 .text.USBH_LL_DriverVBUS
                0x00000000080063d4       0x8c ./USB_HOST/Target/usbh_conf.o
                0x00000000080063d4                USBH_LL_DriverVBUS
 .text.USBH_LL_SetToggle
                0x0000000008006460       0x34 ./USB_HOST/Target/usbh_conf.o
                0x0000000008006460                USBH_LL_SetToggle
 .text.USBH_LL_GetToggle
                0x0000000008006494       0x30 ./USB_HOST/Target/usbh_conf.o
                0x0000000008006494                USBH_LL_GetToggle
 .text.USBH_Delay
                0x00000000080064c4        0x4 ./USB_HOST/Target/usbh_conf.o
                0x00000000080064c4                USBH_Delay
 .text.USBH_LL_SetupEP0
                0x00000000080064c8       0x74 ./USB_HOST/Target/usbh_conf.o
                0x00000000080064c8                USBH_LL_SetupEP0
 .text.BSP_LED_Init
                0x000000000800653c       0x54 ./Utilities/STM32F4-Diymore/stm32f4_diymore.o
                0x000000000800653c                BSP_LED_Init
 .text.BSP_LED_On
                0x0000000008006590       0x14 ./Utilities/STM32F4-Diymore/stm32f4_diymore.o
                0x0000000008006590                BSP_LED_On
 .text.BSP_LED_Off
                0x00000000080065a4       0x14 ./Utilities/STM32F4-Diymore/stm32f4_diymore.o
                0x00000000080065a4                BSP_LED_Off
 .text.BSP_UART_Init
                0x00000000080065b8       0x80 ./Utilities/STM32F4-Diymore/stm32f4_diymore.o
                0x00000000080065b8                BSP_UART_Init
 .text.calloc   0x0000000008006638       0x10 /opt/st/stm32cubeide_1.11.0/plugins/com.st.stm32cube.ide.mcu.externaltools.gnu-tools-for-stm32.10.3-2021.10.linux64_1.0.100.202210260954/tools/bin/../lib/gcc/arm-none-eabi/10.3.1/../../../../arm-none-eabi/lib/thumb/v7e-m+fp/hard/libc_nano.a(lib_a-calloc.o)
                0x0000000008006638                calloc
 .text.__errno  0x0000000008006648        0xc /opt/st/stm32cubeide_1.11.0/plugins/com.st.stm32cube.ide.mcu.externaltools.gnu-tools-for-stm32.10.3-2021.10.linux64_1.0.100.202210260954/tools/bin/../lib/gcc/arm-none-eabi/10.3.1/../../../../arm-none-eabi/lib/thumb/v7e-m+fp/hard/libc_nano.a(lib_a-errno.o)
                0x0000000008006648                __errno
 .text.__libc_init_array
                0x0000000008006654       0x48 /opt/st/stm32cubeide_1.11.0/plugins/com.st.stm32cube.ide.mcu.externaltools.gnu-tools-for-stm32.10.3-2021.10.linux64_1.0.100.202210260954/tools/bin/../lib/gcc/arm-none-eabi/10.3.1/../../../../arm-none-eabi/lib/thumb/v7e-m+fp/hard/libc_nano.a(lib_a-init.o)
                0x0000000008006654                __libc_init_array
 .text.malloc   0x000000000800669c       0x10 /opt/st/stm32cubeide_1.11.0/plugins/com.st.stm32cube.ide.mcu.externaltools.gnu-tools-for-stm32.10.3-2021.10.linux64_1.0.100.202210260954/tools/bin/../lib/gcc/arm-none-eabi/10.3.1/../../../../arm-none-eabi/lib/thumb/v7e-m+fp/hard/libc_nano.a(lib_a-malloc.o)
                0x000000000800669c                malloc
 .text.free     0x00000000080066ac       0x10 /opt/st/stm32cubeide_1.11.0/plugins/com.st.stm32cube.ide.mcu.externaltools.gnu-tools-for-stm32.10.3-2021.10.linux64_1.0.100.202210260954/tools/bin/../lib/gcc/arm-none-eabi/10.3.1/../../../../arm-none-eabi/lib/thumb/v7e-m+fp/hard/libc_nano.a(lib_a-malloc.o)
                0x00000000080066ac                free
 .text.memset   0x00000000080066bc       0x10 /opt/st/stm32cubeide_1.11.0/plugins/com.st.stm32cube.ide.mcu.externaltools.gnu-tools-for-stm32.10.3-2021.10.linux64_1.0.100.202210260954/tools/bin/../lib/gcc/arm-none-eabi/10.3.1/../../../../arm-none-eabi/lib/thumb/v7e-m+fp/hard/libc_nano.a(lib_a-memset.o)
                0x00000000080066bc                memset
 .text._calloc_r
                0x00000000080066cc       0x2c /opt/st/stm32cubeide_1.11.0/plugins/com.st.stm32cube.ide.mcu.externaltools.gnu-tools-for-stm32.10.3-2021.10.linux64_1.0.100.202210260954/tools/bin/../lib/gcc/arm-none-eabi/10.3.1/../../../../arm-none-eabi/lib/thumb/v7e-m+fp/hard/libc_nano.a(lib_a-nano-callocr.o)
                0x00000000080066cc                _calloc_r
 .text._free_r  0x00000000080066f8       0x98 /opt/st/stm32cubeide_1.11.0/plugins/com.st.stm32cube.ide.mcu.externaltools.gnu-tools-for-stm32.10.3-2021.10.linux64_1.0.100.202210260954/tools/bin/../lib/gcc/arm-none-eabi/10.3.1/../../../../arm-none-eabi/lib/thumb/v7e-m+fp/hard/libc_nano.a(lib_a-nano-freer.o)
                0x00000000080066f8                _free_r
 .text.sbrk_aligned
                0x0000000008006790       0x40 /opt/st/stm32cubeide_1.11.0/plugins/com.st.stm32cube.ide.mcu.externaltools.gnu-tools-for-stm32.10.3-2021.10.linux64_1.0.100.202210260954/tools/bin/../lib/gcc/arm-none-eabi/10.3.1/../../../../arm-none-eabi/lib/thumb/v7e-m+fp/hard/libc_nano.a(lib_a-nano-mallocr.o)
 .text._malloc_r
                0x00000000080067d0       0xe8 /opt/st/stm32cubeide_1.11.0/plugins/com.st.stm32cube.ide.mcu.externaltools.gnu-tools-for-stm32.10.3-2021.10.linux64_1.0.100.202210260954/tools/bin/../lib/gcc/arm-none-eabi/10.3.1/../../../../arm-none-eabi/lib/thumb/v7e-m+fp/hard/libc_nano.a(lib_a-nano-mallocr.o)
                0x00000000080067d0                _malloc_r
 .text._sbrk_r  0x00000000080068b8       0x20 /opt/st/stm32cubeide_1.11.0/plugins/com.st.stm32cube.ide.mcu.externaltools.gnu-tools-for-stm32.10.3-2021.10.linux64_1.0.100.202210260954/tools/bin/../lib/gcc/arm-none-eabi/10.3.1/../../../../arm-none-eabi/lib/thumb/v7e-m+fp/hard/libc_nano.a(lib_a-sbrkr.o)
                0x00000000080068b8                _sbrk_r
 .text._vsprintf_r
                0x00000000080068d8       0x2c /opt/st/stm32cubeide_1.11.0/plugins/com.st.stm32cube.ide.mcu.externaltools.gnu-tools-for-stm32.10.3-2021.10.linux64_1.0.100.202210260954/tools/bin/../lib/gcc/arm-none-eabi/10.3.1/../../../../arm-none-eabi/lib/thumb/v7e-m+fp/hard/libc_nano.a(lib_a-vsprintf.o)
                0x00000000080068d8                _vsiprintf_r
                0x00000000080068d8                _vsprintf_r
 .text.vsprintf
                0x0000000008006904       0x14 /opt/st/stm32cubeide_1.11.0/plugins/com.st.stm32cube.ide.mcu.externaltools.gnu-tools-for-stm32.10.3-2021.10.linux64_1.0.100.202210260954/tools/bin/../lib/gcc/arm-none-eabi/10.3.1/../../../../arm-none-eabi/lib/thumb/v7e-m+fp/hard/libc_nano.a(lib_a-vsprintf.o)
                0x0000000008006904                vsprintf
                0x0000000008006904                vsiprintf
 .text.__malloc_lock
                0x0000000008006918        0xc /opt/st/stm32cubeide_1.11.0/plugins/com.st.stm32cube.ide.mcu.externaltools.gnu-tools-for-stm32.10.3-2021.10.linux64_1.0.100.202210260954/tools/bin/../lib/gcc/arm-none-eabi/10.3.1/../../../../arm-none-eabi/lib/thumb/v7e-m+fp/hard/libc_nano.a(lib_a-mlock.o)
                0x0000000008006918                __malloc_lock
 .text.__malloc_unlock
                0x0000000008006924        0xc /opt/st/stm32cubeide_1.11.0/plugins/com.st.stm32cube.ide.mcu.externaltools.gnu-tools-for-stm32.10.3-2021.10.linux64_1.0.100.202210260954/tools/bin/../lib/gcc/arm-none-eabi/10.3.1/../../../../arm-none-eabi/lib/thumb/v7e-m+fp/hard/libc_nano.a(lib_a-mlock.o)
                0x0000000008006924                __malloc_unlock
 .text.__ssputs_r
                0x0000000008006930       0xb6 /opt/st/stm32cubeide_1.11.0/plugins/com.st.stm32cube.ide.mcu.externaltools.gnu-tools-for-stm32.10.3-2021.10.linux64_1.0.100.202210260954/tools/bin/../lib/gcc/arm-none-eabi/10.3.1/../../../../arm-none-eabi/lib/thumb/v7e-m+fp/hard/libc_nano.a(lib_a-nano-svfprintf.o)
                0x0000000008006930                __ssputs_r
 *fill*         0x00000000080069e6        0x2 
 .text._svfprintf_r
                0x00000000080069e8      0x200 /opt/st/stm32cubeide_1.11.0/plugins/com.st.stm32cube.ide.mcu.externaltools.gnu-tools-for-stm32.10.3-2021.10.linux64_1.0.100.202210260954/tools/bin/../lib/gcc/arm-none-eabi/10.3.1/../../../../arm-none-eabi/lib/thumb/v7e-m+fp/hard/libc_nano.a(lib_a-nano-svfprintf.o)
                0x00000000080069e8                _svfprintf_r
                0x00000000080069e8                _svfiprintf_r
 .text._printf_common
                0x0000000008006be8       0xda /opt/st/stm32cubeide_1.11.0/plugins/com.st.stm32cube.ide.mcu.externaltools.gnu-tools-for-stm32.10.3-2021.10.linux64_1.0.100.202210260954/tools/bin/../lib/gcc/arm-none-eabi/10.3.1/../../../../arm-none-eabi/lib/thumb/v7e-m+fp/hard/libc_nano.a(lib_a-nano-vfprintf_i.o)
                0x0000000008006be8                _printf_common
 *fill*         0x0000000008006cc2        0x2 
 .text._printf_i
                0x0000000008006cc4      0x24c /opt/st/stm32cubeide_1.11.0/plugins/com.st.stm32cube.ide.mcu.externaltools.gnu-tools-for-stm32.10.3-2021.10.linux64_1.0.100.202210260954/tools/bin/../lib/gcc/arm-none-eabi/10.3.1/../../../../arm-none-eabi/lib/thumb/v7e-m+fp/hard/libc_nano.a(lib_a-nano-vfprintf_i.o)
                0x0000000008006cc4                _printf_i
 .text.__retarget_lock_acquire_recursive
                0x0000000008006f10        0x2 /opt/st/stm32cubeide_1.11.0/plugins/com.st.stm32cube.ide.mcu.externaltools.gnu-tools-for-stm32.10.3-2021.10.linux64_1.0.100.202210260954/tools/bin/../lib/gcc/arm-none-eabi/10.3.1/../../../../arm-none-eabi/lib/thumb/v7e-m+fp/hard/libc_nano.a(lib_a-lock.o)
                0x0000000008006f10                __retarget_lock_acquire_recursive
 .text.__retarget_lock_release_recursive
                0x0000000008006f12        0x2 /opt/st/stm32cubeide_1.11.0/plugins/com.st.stm32cube.ide.mcu.externaltools.gnu-tools-for-stm32.10.3-2021.10.linux64_1.0.100.202210260954/tools/bin/../lib/gcc/arm-none-eabi/10.3.1/../../../../arm-none-eabi/lib/thumb/v7e-m+fp/hard/libc_nano.a(lib_a-lock.o)
                0x0000000008006f12                __retarget_lock_release_recursive
 .text.memcpy   0x0000000008006f14       0x1c /opt/st/stm32cubeide_1.11.0/plugins/com.st.stm32cube.ide.mcu.externaltools.gnu-tools-for-stm32.10.3-2021.10.linux64_1.0.100.202210260954/tools/bin/../lib/gcc/arm-none-eabi/10.3.1/../../../../arm-none-eabi/lib/thumb/v7e-m+fp/hard/libc_nano.a(lib_a-memcpy-stub.o)
                0x0000000008006f14                memcpy
 .text.memmove  0x0000000008006f30       0x34 /opt/st/stm32cubeide_1.11.0/plugins/com.st.stm32cube.ide.mcu.externaltools.gnu-tools-for-stm32.10.3-2021.10.linux64_1.0.100.202210260954/tools/bin/../lib/gcc/arm-none-eabi/10.3.1/../../../../arm-none-eabi/lib/thumb/v7e-m+fp/hard/libc_nano.a(lib_a-memmove.o)
                0x0000000008006f30                memmove
 .text._realloc_r
                0x0000000008006f64       0x5e /opt/st/stm32cubeide_1.11.0/plugins/com.st.stm32cube.ide.mcu.externaltools.gnu-tools-for-stm32.10.3-2021.10.linux64_1.0.100.202210260954/tools/bin/../lib/gcc/arm-none-eabi/10.3.1/../../../../arm-none-eabi/lib/thumb/v7e-m+fp/hard/libc_nano.a(lib_a-nano-reallocr.o)
                0x0000000008006f64                _realloc_r
 .text._malloc_usable_size_r
                0x0000000008006fc2       0x10 /opt/st/stm32cubeide_1.11.0/plugins/com.st.stm32cube.ide.mcu.externaltools.gnu-tools-for-stm32.10.3-2021.10.linux64_1.0.100.202210260954/tools/bin/../lib/gcc/arm-none-eabi/10.3.1/../../../../arm-none-eabi/lib/thumb/v7e-m+fp/hard/libc_nano.a(lib_a-nano-msizer.o)
                0x0000000008006fc2                _malloc_usable_size_r
 *(.rodata)
 *fill*         0x0000000008006fd2        0x2 
 .rodata        0x0000000008006fd4       0x10 ./Drivers/HAL_Driver/Src/stm32f4xx_hal_rcc.o
                0x0000000008006fd4                APBAHBPrescTable
 .rodata        0x0000000008006fe4      0x30e ./Middlewares/ST/STM32_USB_Host_Library/Class/HID/Src/usbh_hid_keybd.o
 *fill*         0x00000000080072f2        0x2 
 .rodata        0x00000000080072f4       0xa0 ./Middlewares/ST/STM32_USB_Host_Library/Class/HID/Src/usbh_hid_mouse.o
 *(.rodata*)
 .rodata.str1.4
                0x0000000008007394        0xb ./Core/Src/log.o
 *fill*         0x000000000800739f        0x1 
 .rodata.str1.4
                0x00000000080073a0       0x24 ./Core/Src/main.o
                                         0x28 (size before relaxing)
 .rodata.str1.4
                0x00000000080073c4      0x140 ./Middlewares/ST/STM32_USB_Host_Library/Class/HID/Src/usbh_hid.o
 .rodata.str1.4
                0x0000000008007504        0xa ./Middlewares/ST/STM32_USB_Host_Library/Class/HID/Src/usbh_hid_mouse.o
 *fill*         0x000000000800750e        0x2 
 .rodata.str1.4
                0x0000000008007510      0x118 ./Middlewares/ST/STM32_USB_Host_Library/Class/HUB/Src/usbh_hub.o
 .rodata.str1.4
                0x0000000008007628      0x160 ./Middlewares/ST/STM32_USB_Host_Library/Class/MSC/Src/usbh_msc.o
                                        0x188 (size before relaxing)
 .rodata.str1.4
                0x0000000008007788      0x2aa ./Middlewares/ST/STM32_USB_Host_Library/Core/Src/usbh_core.o
                                        0x2ba (size before relaxing)
 *fill*         0x0000000008007a32        0x2 
 .rodata.str1.4
                0x0000000008007a34       0xd5 ./Middlewares/ST/STM32_USB_Host_Library/Core/Src/usbh_ctlreq.o
 *fill*         0x0000000008007b09        0x3 
 .rodata.str1.4
                0x0000000008007b0c       0x2d ./Middlewares/ST/STM32_USB_Host_Library/Core/Src/usbh_pipes.o
 *fill*         0x0000000008007b39        0x3 
 .rodata.str1.4
                0x0000000008007b3c       0x50 ./USB_HOST/App/usb_host.o
 .rodata.str1.4
                0x0000000008007b8c       0x33 ./USB_HOST/Target/usbh_conf.o
 .rodata._svfprintf_r.str1.1
                0x0000000008007bbf       0x11 /opt/st/stm32cubeide_1.11.0/plugins/com.st.stm32cube.ide.mcu.externaltools.gnu-tools-for-stm32.10.3-2021.10.linux64_1.0.100.202210260954/tools/bin/../lib/gcc/arm-none-eabi/10.3.1/../../../../arm-none-eabi/lib/thumb/v7e-m+fp/hard/libc_nano.a(lib_a-nano-svfprintf.o)
 .rodata._printf_i.str1.1
                0x0000000008007bd0       0x22 /opt/st/stm32cubeide_1.11.0/plugins/com.st.stm32cube.ide.mcu.externaltools.gnu-tools-for-stm32.10.3-2021.10.linux64_1.0.100.202210260954/tools/bin/../lib/gcc/arm-none-eabi/10.3.1/../../../../arm-none-eabi/lib/thumb/v7e-m+fp/hard/libc_nano.a(lib_a-nano-vfprintf_i.o)
 *(.glue_7)
 .glue_7        0x0000000008007bf2        0x0 linker stubs
 *(.glue_7t)
 .glue_7t       0x0000000008007bf2        0x0 linker stubs
 *(.eh_frame)
 *fill*         0x0000000008007bf2        0x2 
 .eh_frame      0x0000000008007bf4        0x0 /opt/st/stm32cubeide_1.11.0/plugins/com.st.stm32cube.ide.mcu.externaltools.gnu-tools-for-stm32.10.3-2021.10.linux64_1.0.100.202210260954/tools/bin/../lib/gcc/arm-none-eabi/10.3.1/thumb/v7e-m+fp/hard/crtbegin.o
 *(.init)
 .init          0x0000000008007bf4        0x4 /opt/st/stm32cubeide_1.11.0/plugins/com.st.stm32cube.ide.mcu.externaltools.gnu-tools-for-stm32.10.3-2021.10.linux64_1.0.100.202210260954/tools/bin/../lib/gcc/arm-none-eabi/10.3.1/thumb/v7e-m+fp/hard/crti.o
                0x0000000008007bf4                _init
 .init          0x0000000008007bf8        0x8 /opt/st/stm32cubeide_1.11.0/plugins/com.st.stm32cube.ide.mcu.externaltools.gnu-tools-for-stm32.10.3-2021.10.linux64_1.0.100.202210260954/tools/bin/../lib/gcc/arm-none-eabi/10.3.1/thumb/v7e-m+fp/hard/crtn.o
 *(.fini)
 .fini          0x0000000008007c00        0x4 /opt/st/stm32cubeide_1.11.0/plugins/com.st.stm32cube.ide.mcu.externaltools.gnu-tools-for-stm32.10.3-2021.10.linux64_1.0.100.202210260954/tools/bin/../lib/gcc/arm-none-eabi/10.3.1/thumb/v7e-m+fp/hard/crti.o
                0x0000000008007c00                _fini
 .fini          0x0000000008007c04        0x8 /opt/st/stm32cubeide_1.11.0/plugins/com.st.stm32cube.ide.mcu.externaltools.gnu-tools-for-stm32.10.3-2021.10.linux64_1.0.100.202210260954/tools/bin/../lib/gcc/arm-none-eabi/10.3.1/thumb/v7e-m+fp/hard/crtn.o
                0x0000000008007c0c                . = ALIGN (0x4)
                0x0000000008007c0c                _etext = .

.vfp11_veneer   0x0000000008007c0c        0x0
 .vfp11_veneer  0x0000000008007c0c        0x0 linker stubs

.v4_bx          0x0000000008007c0c        0x0
 .v4_bx         0x0000000008007c0c        0x0 linker stubs

.iplt           0x0000000008007c0c        0x0
 .iplt          0x0000000008007c0c        0x0 /opt/st/stm32cubeide_1.11.0/plugins/com.st.stm32cube.ide.mcu.externaltools.gnu-tools-for-stm32.10.3-2021.10.linux64_1.0.100.202210260954/tools/bin/../lib/gcc/arm-none-eabi/10.3.1/thumb/v7e-m+fp/hard/crtbegin.o

.rel.dyn        0x0000000008007c0c        0x0
 .rel.iplt      0x0000000008007c0c        0x0 /opt/st/stm32cubeide_1.11.0/plugins/com.st.stm32cube.ide.mcu.externaltools.gnu-tools-for-stm32.10.3-2021.10.linux64_1.0.100.202210260954/tools/bin/../lib/gcc/arm-none-eabi/10.3.1/thumb/v7e-m+fp/hard/crtbegin.o

.ARM.extab
 *(.ARM.extab* .gnu.linkonce.armextab.*)

.ARM            0x0000000008007c0c        0x0
                0x0000000008007c0c                __exidx_start = .
 *(.ARM.exidx*)
                0x0000000008007c0c                __exidx_end = .

.preinit_array  0x0000000008007c0c        0x0
                0x0000000008007c0c                PROVIDE (__preinit_array_start = .)
 *(.preinit_array*)
                0x0000000008007c0c                PROVIDE (__preinit_array_end = .)

.init_array     0x0000000008007c0c        0x4
                0x0000000008007c0c                PROVIDE (__init_array_start = .)
 *(SORT_BY_NAME(.init_array.*))
 *(.init_array*)
 .init_array    0x0000000008007c0c        0x4 /opt/st/stm32cubeide_1.11.0/plugins/com.st.stm32cube.ide.mcu.externaltools.gnu-tools-for-stm32.10.3-2021.10.linux64_1.0.100.202210260954/tools/bin/../lib/gcc/arm-none-eabi/10.3.1/thumb/v7e-m+fp/hard/crtbegin.o
                0x0000000008007c10                PROVIDE (__init_array_end = .)

.fini_array     0x0000000008007c10        0x4
                [!provide]                        PROVIDE (__fini_array_start = .)
 *(.fini_array*)
 .fini_array    0x0000000008007c10        0x4 /opt/st/stm32cubeide_1.11.0/plugins/com.st.stm32cube.ide.mcu.externaltools.gnu-tools-for-stm32.10.3-2021.10.linux64_1.0.100.202210260954/tools/bin/../lib/gcc/arm-none-eabi/10.3.1/thumb/v7e-m+fp/hard/crtbegin.o
 *(SORT_BY_NAME(.fini_array.*))
                [!provide]                        PROVIDE (__fini_array_end = .)
                0x0000000008007c14                _sidata = .

.data           0x0000000020000000       0xf0 load address 0x0000000008007c14
                0x0000000020000000                . = ALIGN (0x4)
                0x0000000020000000                _sdata = .
 *(.data)
 .data          0x0000000020000000       0x14 ./Core/Src/system_stm32f4xx.o
                0x0000000020000000                AHBPrescTable
                0x0000000020000010                SystemCoreClock
 .data          0x0000000020000014       0x24 ./Middlewares/ST/STM32_USB_Host_Library/Class/HID/Src/usbh_hid.o
                0x0000000020000014                HID_Class
 .data          0x0000000020000038       0x28 ./Middlewares/ST/STM32_USB_Host_Library/Class/HUB/Src/usbh_hub.o
                0x000000002000003c                HUB_Class
 .data          0x0000000020000060       0x24 ./Middlewares/ST/STM32_USB_Host_Library/Class/MSC/Src/usbh_msc.o
                0x0000000020000060                USBH_msc
 .data          0x0000000020000084        0x1 ./USB_HOST/App/usb_host.o
 *fill*         0x0000000020000085        0x3 
 .data          0x0000000020000088        0x4 ./Utilities/STM32F4-Diymore/stm32f4_diymore.o
                0x0000000020000088                GPIO_PORT
 *(.data*)
 .data._impure_ptr
                0x000000002000008c        0x4 /opt/st/stm32cubeide_1.11.0/plugins/com.st.stm32cube.ide.mcu.externaltools.gnu-tools-for-stm32.10.3-2021.10.linux64_1.0.100.202210260954/tools/bin/../lib/gcc/arm-none-eabi/10.3.1/../../../../arm-none-eabi/lib/thumb/v7e-m+fp/hard/libc_nano.a(lib_a-impure.o)
                0x000000002000008c                _impure_ptr
 .data.impure_data
                0x0000000020000090       0x60 /opt/st/stm32cubeide_1.11.0/plugins/com.st.stm32cube.ide.mcu.externaltools.gnu-tools-for-stm32.10.3-2021.10.linux64_1.0.100.202210260954/tools/bin/../lib/gcc/arm-none-eabi/10.3.1/../../../../arm-none-eabi/lib/thumb/v7e-m+fp/hard/libc_nano.a(lib_a-impure.o)
                0x00000000200000f0                . = ALIGN (0x4)
                0x00000000200000f0                _edata = .

.igot.plt       0x00000000200000f0        0x0 load address 0x0000000008007d04
 .igot.plt      0x00000000200000f0        0x0 /opt/st/stm32cubeide_1.11.0/plugins/com.st.stm32cube.ide.mcu.externaltools.gnu-tools-for-stm32.10.3-2021.10.linux64_1.0.100.202210260954/tools/bin/../lib/gcc/arm-none-eabi/10.3.1/thumb/v7e-m+fp/hard/crtbegin.o
                0x00000000200000f0                . = ALIGN (0x4)

.bss            0x00000000200000f0     0x15d0 load address 0x0000000008007d08
                0x00000000200000f0                _sbss = .
                0x00000000200000f0                __bss_start__ = _sbss
 *(.bss)
 .bss           0x00000000200000f0       0x1c /opt/st/stm32cubeide_1.11.0/plugins/com.st.stm32cube.ide.mcu.externaltools.gnu-tools-for-stm32.10.3-2021.10.linux64_1.0.100.202210260954/tools/bin/../lib/gcc/arm-none-eabi/10.3.1/thumb/v7e-m+fp/hard/crtbegin.o
 .bss           0x000000002000010c       0x40 ./Core/Src/log.o
 .bss           0x000000002000014c        0x8 ./Core/Src/syscalls.o
                0x0000000020000150                __env
 .bss           0x0000000020000154        0x4 ./Drivers/HAL_Driver/Src/stm32f4xx_hal.o
 .bss           0x0000000020000158       0x16 ./Middlewares/ST/STM32_USB_Host_Library/Class/HID/Src/usbh_hid.o
 *fill*         0x000000002000016e        0x2 
 .bss           0x0000000020000170       0x18 ./Middlewares/ST/STM32_USB_Host_Library/Class/HID/Src/usbh_hid_keybd.o
                0x0000000020000180                keybd_report_data
 .bss           0x0000000020000188       0x14 ./Middlewares/ST/STM32_USB_Host_Library/Class/HID/Src/usbh_hid_mouse.o
                0x0000000020000198                mouse_report_data
 .bss           0x000000002000019c        0xd ./Middlewares/ST/STM32_USB_Host_Library/Class/HUB/Src/usbh_hub.o
 *fill*         0x00000000200001a9        0x3 
 .bss           0x00000000200001ac      0xfd0 ./USB_HOST/App/usb_host.o
                0x00000000200001ac                Appli_state
                0x00000000200001b0                hUSBHost
 *fill*         0x000000002000117c        0x4 
 .bss           0x0000000020001180      0x530 ./USB_HOST/Target/usbh_conf.o
                0x0000000020001180                _hHCD
 *(.bss*)
 .bss.__malloc_free_list
                0x00000000200016b0        0x4 /opt/st/stm32cubeide_1.11.0/plugins/com.st.stm32cube.ide.mcu.externaltools.gnu-tools-for-stm32.10.3-2021.10.linux64_1.0.100.202210260954/tools/bin/../lib/gcc/arm-none-eabi/10.3.1/../../../../arm-none-eabi/lib/thumb/v7e-m+fp/hard/libc_nano.a(lib_a-nano-mallocr.o)
                0x00000000200016b0                __malloc_free_list
 .bss.__malloc_sbrk_start
                0x00000000200016b4        0x4 /opt/st/stm32cubeide_1.11.0/plugins/com.st.stm32cube.ide.mcu.externaltools.gnu-tools-for-stm32.10.3-2021.10.linux64_1.0.100.202210260954/tools/bin/../lib/gcc/arm-none-eabi/10.3.1/../../../../arm-none-eabi/lib/thumb/v7e-m+fp/hard/libc_nano.a(lib_a-nano-mallocr.o)
                0x00000000200016b4                __malloc_sbrk_start
 .bss.errno     0x00000000200016b8        0x4 /opt/st/stm32cubeide_1.11.0/plugins/com.st.stm32cube.ide.mcu.externaltools.gnu-tools-for-stm32.10.3-2021.10.linux64_1.0.100.202210260954/tools/bin/../lib/gcc/arm-none-eabi/10.3.1/../../../../arm-none-eabi/lib/thumb/v7e-m+fp/hard/libc_nano.a(lib_a-reent.o)
                0x00000000200016b8                errno
 .bss.__lock___malloc_recursive_mutex
                0x00000000200016bc        0x1 /opt/st/stm32cubeide_1.11.0/plugins/com.st.stm32cube.ide.mcu.externaltools.gnu-tools-for-stm32.10.3-2021.10.linux64_1.0.100.202210260954/tools/bin/../lib/gcc/arm-none-eabi/10.3.1/../../../../arm-none-eabi/lib/thumb/v7e-m+fp/hard/libc_nano.a(lib_a-lock.o)
                0x00000000200016bc                __lock___malloc_recursive_mutex
 *(COMMON)
                0x00000000200016c0                . = ALIGN (0x4)
 *fill*         0x00000000200016bd        0x3 
                0x00000000200016c0                _ebss = .
                0x00000000200016c0                __bss_end__ = _ebss

._user_heap_stack
                0x00000000200016c0      0x400 load address 0x00000000080092d8
                0x00000000200016c0                . = ALIGN (0x8)
                0x00000000200016c0                PROVIDE (end = .)
                [!provide]                        PROVIDE (_end = .)
                0x00000000200016c0                . = (. + _Min_Heap_Size)
                0x0000000020001ac0                . = (. + _Min_Stack_Size)
 *fill*         0x00000000200016c0      0x400 
                0x0000000020001ac0                . = ALIGN (0x8)

.memory_b1_text
 *(.mb1text)
 *(.mb1text*)
 *(.mb1rodata)
 *(.mb1rodata*)

/DISCARD/
 libc.a(*)
 libm.a(*)
 libgcc.a(*)

.ARM.attributes
                0x0000000000000000       0x30
 *(.ARM.attributes)
 .ARM.attributes
                0x0000000000000000       0x1e /opt/st/stm32cubeide_1.11.0/plugins/com.st.stm32cube.ide.mcu.externaltools.gnu-tools-for-stm32.10.3-2021.10.linux64_1.0.100.202210260954/tools/bin/../lib/gcc/arm-none-eabi/10.3.1/thumb/v7e-m+fp/hard/crti.o
 .ARM.attributes
                0x000000000000001e       0x34 /opt/st/stm32cubeide_1.11.0/plugins/com.st.stm32cube.ide.mcu.externaltools.gnu-tools-for-stm32.10.3-2021.10.linux64_1.0.100.202210260954/tools/bin/../lib/gcc/arm-none-eabi/10.3.1/thumb/v7e-m+fp/hard/crtbegin.o
 .ARM.attributes
                0x0000000000000052       0x34 ./Core/Src/log.o
 .ARM.attributes
                0x0000000000000086       0x34 ./Core/Src/main.o
 .ARM.attributes
                0x00000000000000ba       0x34 ./Core/Src/stm32f4xx_it.o
 .ARM.attributes
                0x00000000000000ee       0x34 ./Core/Src/syscalls.o
 .ARM.attributes
                0x0000000000000122       0x34 ./Core/Src/system_stm32f4xx.o
 .ARM.attributes
                0x0000000000000156       0x21 ./Core/Startup/startup_stm32f407xx.o
 .ARM.attributes
                0x0000000000000177       0x34 ./Drivers/HAL_Driver/Src/stm32f4xx_hal.o
 .ARM.attributes
                0x00000000000001ab       0x34 ./Drivers/HAL_Driver/Src/stm32f4xx_hal_cortex.o
 .ARM.attributes
                0x00000000000001df       0x34 ./Drivers/HAL_Driver/Src/stm32f4xx_hal_gpio.o
 .ARM.attributes
                0x0000000000000213       0x34 ./Drivers/HAL_Driver/Src/stm32f4xx_hal_hcd.o
 .ARM.attributes
                0x0000000000000247       0x34 ./Drivers/HAL_Driver/Src/stm32f4xx_hal_rcc.o
 .ARM.attributes
                0x000000000000027b       0x34 ./Drivers/HAL_Driver/Src/stm32f4xx_hal_uart.o
 .ARM.attributes
                0x00000000000002af       0x34 ./Drivers/HAL_Driver/Src/stm32f4xx_ll_usb.o
 .ARM.attributes
                0x00000000000002e3       0x34 ./Middlewares/ST/STM32_USB_Host_Library/Class/HID/Src/usbh_hid.o
 .ARM.attributes
                0x0000000000000317       0x34 ./Middlewares/ST/STM32_USB_Host_Library/Class/HID/Src/usbh_hid_keybd.o
 .ARM.attributes
                0x000000000000034b       0x34 ./Middlewares/ST/STM32_USB_Host_Library/Class/HID/Src/usbh_hid_mouse.o
 .ARM.attributes
                0x000000000000037f       0x34 ./Middlewares/ST/STM32_USB_Host_Library/Class/HID/Src/usbh_hid_parser.o
 .ARM.attributes
                0x00000000000003b3       0x34 ./Middlewares/ST/STM32_USB_Host_Library/Class/HUB/Src/usbh_hub.o
 .ARM.attributes
                0x00000000000003e7       0x34 ./Middlewares/ST/STM32_USB_Host_Library/Class/MSC/Src/usbh_msc.o
 .ARM.attributes
                0x000000000000041b       0x34 ./Middlewares/ST/STM32_USB_Host_Library/Class/MSC/Src/usbh_msc_bot.o
 .ARM.attributes
                0x000000000000044f       0x34 ./Middlewares/ST/STM32_USB_Host_Library/Class/MSC/Src/usbh_msc_scsi.o
 .ARM.attributes
                0x0000000000000483       0x34 ./Middlewares/ST/STM32_USB_Host_Library/Core/Src/usbh_core.o
 .ARM.attributes
                0x00000000000004b7       0x34 ./Middlewares/ST/STM32_USB_Host_Library/Core/Src/usbh_ctlreq.o
 .ARM.attributes
                0x00000000000004eb       0x34 ./Middlewares/ST/STM32_USB_Host_Library/Core/Src/usbh_ioreq.o
 .ARM.attributes
                0x000000000000051f       0x34 ./Middlewares/ST/STM32_USB_Host_Library/Core/Src/usbh_pipes.o
 .ARM.attributes
                0x0000000000000553       0x34 ./USB_HOST/App/usb_host.o
 .ARM.attributes
                0x0000000000000587       0x34 ./USB_HOST/Target/usbh_conf.o
 .ARM.attributes
                0x00000000000005bb       0x34 ./Utilities/STM32F4-Diymore/stm32f4_diymore.o
 .ARM.attributes
                0x00000000000005ef       0x34 /opt/st/stm32cubeide_1.11.0/plugins/com.st.stm32cube.ide.mcu.externaltools.gnu-tools-for-stm32.10.3-2021.10.linux64_1.0.100.202210260954/tools/bin/../lib/gcc/arm-none-eabi/10.3.1/../../../../arm-none-eabi/lib/thumb/v7e-m+fp/hard/libc_nano.a(lib_a-calloc.o)
 .ARM.attributes
                0x0000000000000623       0x34 /opt/st/stm32cubeide_1.11.0/plugins/com.st.stm32cube.ide.mcu.externaltools.gnu-tools-for-stm32.10.3-2021.10.linux64_1.0.100.202210260954/tools/bin/../lib/gcc/arm-none-eabi/10.3.1/../../../../arm-none-eabi/lib/thumb/v7e-m+fp/hard/libc_nano.a(lib_a-errno.o)
 .ARM.attributes
                0x0000000000000657       0x34 /opt/st/stm32cubeide_1.11.0/plugins/com.st.stm32cube.ide.mcu.externaltools.gnu-tools-for-stm32.10.3-2021.10.linux64_1.0.100.202210260954/tools/bin/../lib/gcc/arm-none-eabi/10.3.1/../../../../arm-none-eabi/lib/thumb/v7e-m+fp/hard/libc_nano.a(lib_a-impure.o)
 .ARM.attributes
                0x000000000000068b       0x34 /opt/st/stm32cubeide_1.11.0/plugins/com.st.stm32cube.ide.mcu.externaltools.gnu-tools-for-stm32.10.3-2021.10.linux64_1.0.100.202210260954/tools/bin/../lib/gcc/arm-none-eabi/10.3.1/../../../../arm-none-eabi/lib/thumb/v7e-m+fp/hard/libc_nano.a(lib_a-init.o)
 .ARM.attributes
                0x00000000000006bf       0x34 /opt/st/stm32cubeide_1.11.0/plugins/com.st.stm32cube.ide.mcu.externaltools.gnu-tools-for-stm32.10.3-2021.10.linux64_1.0.100.202210260954/tools/bin/../lib/gcc/arm-none-eabi/10.3.1/../../../../arm-none-eabi/lib/thumb/v7e-m+fp/hard/libc_nano.a(lib_a-malloc.o)
 .ARM.attributes
                0x00000000000006f3       0x34 /opt/st/stm32cubeide_1.11.0/plugins/com.st.stm32cube.ide.mcu.externaltools.gnu-tools-for-stm32.10.3-2021.10.linux64_1.0.100.202210260954/tools/bin/../lib/gcc/arm-none-eabi/10.3.1/../../../../arm-none-eabi/lib/thumb/v7e-m+fp/hard/libc_nano.a(lib_a-memset.o)
 .ARM.attributes
                0x0000000000000727       0x34 /opt/st/stm32cubeide_1.11.0/plugins/com.st.stm32cube.ide.mcu.externaltools.gnu-tools-for-stm32.10.3-2021.10.linux64_1.0.100.202210260954/tools/bin/../lib/gcc/arm-none-eabi/10.3.1/../../../../arm-none-eabi/lib/thumb/v7e-m+fp/hard/libc_nano.a(lib_a-nano-callocr.o)
 .ARM.attributes
                0x000000000000075b       0x34 /opt/st/stm32cubeide_1.11.0/plugins/com.st.stm32cube.ide.mcu.externaltools.gnu-tools-for-stm32.10.3-2021.10.linux64_1.0.100.202210260954/tools/bin/../lib/gcc/arm-none-eabi/10.3.1/../../../../arm-none-eabi/lib/thumb/v7e-m+fp/hard/libc_nano.a(lib_a-nano-freer.o)
 .ARM.attributes
                0x000000000000078f       0x34 /opt/st/stm32cubeide_1.11.0/plugins/com.st.stm32cube.ide.mcu.externaltools.gnu-tools-for-stm32.10.3-2021.10.linux64_1.0.100.202210260954/tools/bin/../lib/gcc/arm-none-eabi/10.3.1/../../../../arm-none-eabi/lib/thumb/v7e-m+fp/hard/libc_nano.a(lib_a-nano-mallocr.o)
 .ARM.attributes
                0x00000000000007c3       0x34 /opt/st/stm32cubeide_1.11.0/plugins/com.st.stm32cube.ide.mcu.externaltools.gnu-tools-for-stm32.10.3-2021.10.linux64_1.0.100.202210260954/tools/bin/../lib/gcc/arm-none-eabi/10.3.1/../../../../arm-none-eabi/lib/thumb/v7e-m+fp/hard/libc_nano.a(lib_a-sbrkr.o)
 .ARM.attributes
                0x00000000000007f7       0x17 /opt/st/stm32cubeide_1.11.0/plugins/com.st.stm32cube.ide.mcu.externaltools.gnu-tools-for-stm32.10.3-2021.10.linux64_1.0.100.202210260954/tools/bin/../lib/gcc/arm-none-eabi/10.3.1/../../../../arm-none-eabi/lib/thumb/v7e-m+fp/hard/libc_nano.a(lib_a-strlen.o)
 .ARM.attributes
                0x000000000000080e       0x34 /opt/st/stm32cubeide_1.11.0/plugins/com.st.stm32cube.ide.mcu.externaltools.gnu-tools-for-stm32.10.3-2021.10.linux64_1.0.100.202210260954/tools/bin/../lib/gcc/arm-none-eabi/10.3.1/../../../../arm-none-eabi/lib/thumb/v7e-m+fp/hard/libc_nano.a(lib_a-vsprintf.o)
 .ARM.attributes
                0x0000000000000842       0x34 /opt/st/stm32cubeide_1.11.0/plugins/com.st.stm32cube.ide.mcu.externaltools.gnu-tools-for-stm32.10.3-2021.10.linux64_1.0.100.202210260954/tools/bin/../lib/gcc/arm-none-eabi/10.3.1/../../../../arm-none-eabi/lib/thumb/v7e-m+fp/hard/libc_nano.a(lib_a-mlock.o)
 .ARM.attributes
                0x0000000000000876       0x34 /opt/st/stm32cubeide_1.11.0/plugins/com.st.stm32cube.ide.mcu.externaltools.gnu-tools-for-stm32.10.3-2021.10.linux64_1.0.100.202210260954/tools/bin/../lib/gcc/arm-none-eabi/10.3.1/../../../../arm-none-eabi/lib/thumb/v7e-m+fp/hard/libc_nano.a(lib_a-nano-svfprintf.o)
 .ARM.attributes
                0x00000000000008aa       0x34 /opt/st/stm32cubeide_1.11.0/plugins/com.st.stm32cube.ide.mcu.externaltools.gnu-tools-for-stm32.10.3-2021.10.linux64_1.0.100.202210260954/tools/bin/../lib/gcc/arm-none-eabi/10.3.1/../../../../arm-none-eabi/lib/thumb/v7e-m+fp/hard/libc_nano.a(lib_a-nano-vfprintf_i.o)
 .ARM.attributes
                0x00000000000008de       0x34 /opt/st/stm32cubeide_1.11.0/plugins/com.st.stm32cube.ide.mcu.externaltools.gnu-tools-for-stm32.10.3-2021.10.linux64_1.0.100.202210260954/tools/bin/../lib/gcc/arm-none-eabi/10.3.1/../../../../arm-none-eabi/lib/thumb/v7e-m+fp/hard/libc_nano.a(lib_a-reent.o)
 .ARM.attributes
                0x0000000000000912       0x34 /opt/st/stm32cubeide_1.11.0/plugins/com.st.stm32cube.ide.mcu.externaltools.gnu-tools-for-stm32.10.3-2021.10.linux64_1.0.100.202210260954/tools/bin/../lib/gcc/arm-none-eabi/10.3.1/../../../../arm-none-eabi/lib/thumb/v7e-m+fp/hard/libc_nano.a(lib_a-lock.o)
 .ARM.attributes
                0x0000000000000946       0x1c /opt/st/stm32cubeide_1.11.0/plugins/com.st.stm32cube.ide.mcu.externaltools.gnu-tools-for-stm32.10.3-2021.10.linux64_1.0.100.202210260954/tools/bin/../lib/gcc/arm-none-eabi/10.3.1/../../../../arm-none-eabi/lib/thumb/v7e-m+fp/hard/libc_nano.a(lib_a-memchr.o)
 .ARM.attributes
                0x0000000000000962       0x34 /opt/st/stm32cubeide_1.11.0/plugins/com.st.stm32cube.ide.mcu.externaltools.gnu-tools-for-stm32.10.3-2021.10.linux64_1.0.100.202210260954/tools/bin/../lib/gcc/arm-none-eabi/10.3.1/../../../../arm-none-eabi/lib/thumb/v7e-m+fp/hard/libc_nano.a(lib_a-memcpy-stub.o)
 .ARM.attributes
                0x0000000000000996       0x34 /opt/st/stm32cubeide_1.11.0/plugins/com.st.stm32cube.ide.mcu.externaltools.gnu-tools-for-stm32.10.3-2021.10.linux64_1.0.100.202210260954/tools/bin/../lib/gcc/arm-none-eabi/10.3.1/../../../../arm-none-eabi/lib/thumb/v7e-m+fp/hard/libc_nano.a(lib_a-memmove.o)
 .ARM.attributes
                0x00000000000009ca       0x34 /opt/st/stm32cubeide_1.11.0/plugins/com.st.stm32cube.ide.mcu.externaltools.gnu-tools-for-stm32.10.3-2021.10.linux64_1.0.100.202210260954/tools/bin/../lib/gcc/arm-none-eabi/10.3.1/../../../../arm-none-eabi/lib/thumb/v7e-m+fp/hard/libc_nano.a(lib_a-nano-reallocr.o)
 .ARM.attributes
                0x00000000000009fe       0x34 /opt/st/stm32cubeide_1.11.0/plugins/com.st.stm32cube.ide.mcu.externaltools.gnu-tools-for-stm32.10.3-2021.10.linux64_1.0.100.202210260954/tools/bin/../lib/gcc/arm-none-eabi/10.3.1/../../../../arm-none-eabi/lib/thumb/v7e-m+fp/hard/libc_nano.a(lib_a-nano-msizer.o)
 .ARM.attributes
                0x0000000000000a32       0x1e /opt/st/stm32cubeide_1.11.0/plugins/com.st.stm32cube.ide.mcu.externaltools.gnu-tools-for-stm32.10.3-2021.10.linux64_1.0.100.202210260954/tools/bin/../lib/gcc/arm-none-eabi/10.3.1/thumb/v7e-m+fp/hard/crtn.o
OUTPUT(STM32F4HUB.elf elf32-littlearm)
LOAD linker stubs
LOAD /opt/st/stm32cubeide_1.11.0/plugins/com.st.stm32cube.ide.mcu.externaltools.gnu-tools-for-stm32.10.3-2021.10.linux64_1.0.100.202210260954/tools/bin/../lib/gcc/arm-none-eabi/10.3.1/../../../../arm-none-eabi/lib/thumb/v7e-m+fp/hard/libc.a
LOAD /opt/st/stm32cubeide_1.11.0/plugins/com.st.stm32cube.ide.mcu.externaltools.gnu-tools-for-stm32.10.3-2021.10.linux64_1.0.100.202210260954/tools/bin/../lib/gcc/arm-none-eabi/10.3.1/../../../../arm-none-eabi/lib/thumb/v7e-m+fp/hard/libm.a
LOAD /opt/st/stm32cubeide_1.11.0/plugins/com.st.stm32cube.ide.mcu.externaltools.gnu-tools-for-stm32.10.3-2021.10.linux64_1.0.100.202210260954/tools/bin/../lib/gcc/arm-none-eabi/10.3.1/thumb/v7e-m+fp/hard/libgcc.a

.comment        0x0000000000000000       0x50
 .comment       0x0000000000000000       0x50 ./Core/Src/log.o
                                         0x51 (size before relaxing)
 .comment       0x0000000000000050       0x51 ./Core/Src/main.o
 .comment       0x0000000000000050       0x51 ./Core/Src/stm32f4xx_it.o
 .comment       0x0000000000000050       0x51 ./Core/Src/syscalls.o
 .comment       0x0000000000000050       0x51 ./Core/Src/system_stm32f4xx.o
 .comment       0x0000000000000050       0x51 ./Drivers/HAL_Driver/Src/stm32f4xx_hal.o
 .comment       0x0000000000000050       0x51 ./Drivers/HAL_Driver/Src/stm32f4xx_hal_cortex.o
 .comment       0x0000000000000050       0x51 ./Drivers/HAL_Driver/Src/stm32f4xx_hal_gpio.o
 .comment       0x0000000000000050       0x51 ./Drivers/HAL_Driver/Src/stm32f4xx_hal_hcd.o
 .comment       0x0000000000000050       0x51 ./Drivers/HAL_Driver/Src/stm32f4xx_hal_rcc.o
 .comment       0x0000000000000050       0x51 ./Drivers/HAL_Driver/Src/stm32f4xx_hal_uart.o
 .comment       0x0000000000000050       0x51 ./Drivers/HAL_Driver/Src/stm32f4xx_ll_usb.o
 .comment       0x0000000000000050       0x51 ./Middlewares/ST/STM32_USB_Host_Library/Class/HID/Src/usbh_hid.o
 .comment       0x0000000000000050       0x51 ./Middlewares/ST/STM32_USB_Host_Library/Class/HID/Src/usbh_hid_keybd.o
 .comment       0x0000000000000050       0x51 ./Middlewares/ST/STM32_USB_Host_Library/Class/HID/Src/usbh_hid_mouse.o
 .comment       0x0000000000000050       0x51 ./Middlewares/ST/STM32_USB_Host_Library/Class/HID/Src/usbh_hid_parser.o
 .comment       0x0000000000000050       0x51 ./Middlewares/ST/STM32_USB_Host_Library/Class/HUB/Src/usbh_hub.o
 .comment       0x0000000000000050       0x51 ./Middlewares/ST/STM32_USB_Host_Library/Class/MSC/Src/usbh_msc.o
 .comment       0x0000000000000050       0x51 ./Middlewares/ST/STM32_USB_Host_Library/Class/MSC/Src/usbh_msc_bot.o
 .comment       0x0000000000000050       0x51 ./Middlewares/ST/STM32_USB_Host_Library/Class/MSC/Src/usbh_msc_scsi.o
 .comment       0x0000000000000050       0x51 ./Middlewares/ST/STM32_USB_Host_Library/Core/Src/usbh_core.o
 .comment       0x0000000000000050       0x51 ./Middlewares/ST/STM32_USB_Host_Library/Core/Src/usbh_ctlreq.o
 .comment       0x0000000000000050       0x51 ./Middlewares/ST/STM32_USB_Host_Library/Core/Src/usbh_ioreq.o
 .comment       0x0000000000000050       0x51 ./Middlewares/ST/STM32_USB_Host_Library/Core/Src/usbh_pipes.o
 .comment       0x0000000000000050       0x51 ./USB_HOST/App/usb_host.o
 .comment       0x0000000000000050       0x51 ./USB_HOST/Target/usbh_conf.o
 .comment       0x0000000000000050       0x51 ./Utilities/STM32F4-Diymore/stm32f4_diymore.o

.debug_frame    0x0000000000000000      0x4b0
 .debug_frame   0x0000000000000000       0x20 /opt/st/stm32cubeide_1.11.0/plugins/com.st.stm32cube.ide.mcu.externaltools.gnu-tools-for-stm32.10.3-2021.10.linux64_1.0.100.202210260954/tools/bin/../lib/gcc/arm-none-eabi/10.3.1/../../../../arm-none-eabi/lib/thumb/v7e-m+fp/hard/libc_nano.a(lib_a-calloc.o)
 .debug_frame   0x0000000000000020       0x20 /opt/st/stm32cubeide_1.11.0/plugins/com.st.stm32cube.ide.mcu.externaltools.gnu-tools-for-stm32.10.3-2021.10.linux64_1.0.100.202210260954/tools/bin/../lib/gcc/arm-none-eabi/10.3.1/../../../../arm-none-eabi/lib/thumb/v7e-m+fp/hard/libc_nano.a(lib_a-errno.o)
 .debug_frame   0x0000000000000040       0x2c /opt/st/stm32cubeide_1.11.0/plugins/com.st.stm32cube.ide.mcu.externaltools.gnu-tools-for-stm32.10.3-2021.10.linux64_1.0.100.202210260954/tools/bin/../lib/gcc/arm-none-eabi/10.3.1/../../../../arm-none-eabi/lib/thumb/v7e-m+fp/hard/libc_nano.a(lib_a-init.o)
 .debug_frame   0x000000000000006c       0x30 /opt/st/stm32cubeide_1.11.0/plugins/com.st.stm32cube.ide.mcu.externaltools.gnu-tools-for-stm32.10.3-2021.10.linux64_1.0.100.202210260954/tools/bin/../lib/gcc/arm-none-eabi/10.3.1/../../../../arm-none-eabi/lib/thumb/v7e-m+fp/hard/libc_nano.a(lib_a-malloc.o)
 .debug_frame   0x000000000000009c       0x20 /opt/st/stm32cubeide_1.11.0/plugins/com.st.stm32cube.ide.mcu.externaltools.gnu-tools-for-stm32.10.3-2021.10.linux64_1.0.100.202210260954/tools/bin/../lib/gcc/arm-none-eabi/10.3.1/../../../../arm-none-eabi/lib/thumb/v7e-m+fp/hard/libc_nano.a(lib_a-memset.o)
 .debug_frame   0x00000000000000bc       0x30 /opt/st/stm32cubeide_1.11.0/plugins/com.st.stm32cube.ide.mcu.externaltools.gnu-tools-for-stm32.10.3-2021.10.linux64_1.0.100.202210260954/tools/bin/../lib/gcc/arm-none-eabi/10.3.1/../../../../arm-none-eabi/lib/thumb/v7e-m+fp/hard/libc_nano.a(lib_a-nano-callocr.o)
 .debug_frame   0x00000000000000ec       0x38 /opt/st/stm32cubeide_1.11.0/plugins/com.st.stm32cube.ide.mcu.externaltools.gnu-tools-for-stm32.10.3-2021.10.linux64_1.0.100.202210260954/tools/bin/../lib/gcc/arm-none-eabi/10.3.1/../../../../arm-none-eabi/lib/thumb/v7e-m+fp/hard/libc_nano.a(lib_a-nano-freer.o)
 .debug_frame   0x0000000000000124       0x4c /opt/st/stm32cubeide_1.11.0/plugins/com.st.stm32cube.ide.mcu.externaltools.gnu-tools-for-stm32.10.3-2021.10.linux64_1.0.100.202210260954/tools/bin/../lib/gcc/arm-none-eabi/10.3.1/../../../../arm-none-eabi/lib/thumb/v7e-m+fp/hard/libc_nano.a(lib_a-nano-mallocr.o)
 .debug_frame   0x0000000000000170       0x2c /opt/st/stm32cubeide_1.11.0/plugins/com.st.stm32cube.ide.mcu.externaltools.gnu-tools-for-stm32.10.3-2021.10.linux64_1.0.100.202210260954/tools/bin/../lib/gcc/arm-none-eabi/10.3.1/../../../../arm-none-eabi/lib/thumb/v7e-m+fp/hard/libc_nano.a(lib_a-sbrkr.o)
 .debug_frame   0x000000000000019c       0x3c /opt/st/stm32cubeide_1.11.0/plugins/com.st.stm32cube.ide.mcu.externaltools.gnu-tools-for-stm32.10.3-2021.10.linux64_1.0.100.202210260954/tools/bin/../lib/gcc/arm-none-eabi/10.3.1/../../../../arm-none-eabi/lib/thumb/v7e-m+fp/hard/libc_nano.a(lib_a-vsprintf.o)
 .debug_frame   0x00000000000001d8       0x30 /opt/st/stm32cubeide_1.11.0/plugins/com.st.stm32cube.ide.mcu.externaltools.gnu-tools-for-stm32.10.3-2021.10.linux64_1.0.100.202210260954/tools/bin/../lib/gcc/arm-none-eabi/10.3.1/../../../../arm-none-eabi/lib/thumb/v7e-m+fp/hard/libc_nano.a(lib_a-mlock.o)
 .debug_frame   0x0000000000000208       0x90 /opt/st/stm32cubeide_1.11.0/plugins/com.st.stm32cube.ide.mcu.externaltools.gnu-tools-for-stm32.10.3-2021.10.linux64_1.0.100.202210260954/tools/bin/../lib/gcc/arm-none-eabi/10.3.1/../../../../arm-none-eabi/lib/thumb/v7e-m+fp/hard/libc_nano.a(lib_a-nano-svfprintf.o)
 .debug_frame   0x0000000000000298       0x60 /opt/st/stm32cubeide_1.11.0/plugins/com.st.stm32cube.ide.mcu.externaltools.gnu-tools-for-stm32.10.3-2021.10.linux64_1.0.100.202210260954/tools/bin/../lib/gcc/arm-none-eabi/10.3.1/../../../../arm-none-eabi/lib/thumb/v7e-m+fp/hard/libc_nano.a(lib_a-nano-vfprintf_i.o)
 .debug_frame   0x00000000000002f8       0x5c /opt/st/stm32cubeide_1.11.0/plugins/com.st.stm32cube.ide.mcu.externaltools.gnu-tools-for-stm32.10.3-2021.10.linux64_1.0.100.202210260954/tools/bin/../lib/gcc/arm-none-eabi/10.3.1/../../../../arm-none-eabi/lib/thumb/v7e-m+fp/hard/libc_nano.a(lib_a-reent.o)
 .debug_frame   0x0000000000000354       0xb0 /opt/st/stm32cubeide_1.11.0/plugins/com.st.stm32cube.ide.mcu.externaltools.gnu-tools-for-stm32.10.3-2021.10.linux64_1.0.100.202210260954/tools/bin/../lib/gcc/arm-none-eabi/10.3.1/../../../../arm-none-eabi/lib/thumb/v7e-m+fp/hard/libc_nano.a(lib_a-lock.o)
 .debug_frame   0x0000000000000404       0x28 /opt/st/stm32cubeide_1.11.0/plugins/com.st.stm32cube.ide.mcu.externaltools.gnu-tools-for-stm32.10.3-2021.10.linux64_1.0.100.202210260954/tools/bin/../lib/gcc/arm-none-eabi/10.3.1/../../../../arm-none-eabi/lib/thumb/v7e-m+fp/hard/libc_nano.a(lib_a-memcpy-stub.o)
 .debug_frame   0x000000000000042c       0x28 /opt/st/stm32cubeide_1.11.0/plugins/com.st.stm32cube.ide.mcu.externaltools.gnu-tools-for-stm32.10.3-2021.10.linux64_1.0.100.202210260954/tools/bin/../lib/gcc/arm-none-eabi/10.3.1/../../../../arm-none-eabi/lib/thumb/v7e-m+fp/hard/libc_nano.a(lib_a-memmove.o)
 .debug_frame   0x0000000000000454       0x3c /opt/st/stm32cubeide_1.11.0/plugins/com.st.stm32cube.ide.mcu.externaltools.gnu-tools-for-stm32.10.3-2021.10.linux64_1.0.100.202210260954/tools/bin/../lib/gcc/arm-none-eabi/10.3.1/../../../../arm-none-eabi/lib/thumb/v7e-m+fp/hard/libc_nano.a(lib_a-nano-reallocr.o)
 .debug_frame   0x0000000000000490       0x20 /opt/st/stm32cubeide_1.11.0/plugins/com.st.stm32cube.ide.mcu.externaltools.gnu-tools-for-stm32.10.3-2021.10.linux64_1.0.100.202210260954/tools/bin/../lib/gcc/arm-none-eabi/10.3.1/../../../../arm-none-eabi/lib/thumb/v7e-m+fp/hard/libc_nano.a(lib_a-nano-msizer.o)
