../Middlewares/ST/STM32_USB_Host_Library/Core/Src/usbh_core.c:92:20:USBH_Init	16	static
../Middlewares/ST/STM32_USB_Host_Library/Core/Src/usbh_core.c:143:21:USBH_DeInit	8	static
../Middlewares/ST/STM32_USB_Host_Library/Core/Src/usbh_core.c:199:21:USBH_RegisterClass	8	static
../Middlewares/ST/STM32_USB_Host_Library/Core/Src/usbh_core.c:244:20:USBH_SelectInterface	16	static
../Middlewares/ST/STM32_USB_Host_Library/Core/Src/usbh_core.c:276:9:USBH_GetActiveClass	0	static
../Middlewares/ST/STM32_USB_Host_Library/Core/Src/usbh_core.c:290:10:USBH_FindInterface	0	static
../Middlewares/ST/STM32_USB_Host_Library/Core/Src/usbh_core.c:323:10:USBH_FindInterfaceIndex	0	static
../Middlewares/ST/STM32_USB_Host_Library/Core/Src/usbh_core.c:350:21:USBH_Start	8	static
../Middlewares/ST/STM32_USB_Host_Library/Core/Src/usbh_core.c:367:21:USBH_Stop	8	static
../Middlewares/ST/STM32_USB_Host_Library/Core/Src/usbh_core.c:388:21:USBH_ReEnumerate	16	static
../Middlewares/ST/STM32_USB_Host_Library/Core/Src/usbh_core.c:414:21:USBH_Process	56	static
../Middlewares/ST/STM32_USB_Host_Library/Core/Src/usbh_core.c:848:7:USBH_LL_SetTimer	0	static
../Middlewares/ST/STM32_USB_Host_Library/Core/Src/usbh_core.c:858:7:USBH_LL_IncTimer	0	static
../Middlewares/ST/STM32_USB_Host_Library/Core/Src/usbh_core.c:883:21:USBH_LL_Connect	8	static
../Middlewares/ST/STM32_USB_Host_Library/Core/Src/usbh_core.c:913:21:USBH_LL_Disconnect	8	static
