../Middlewares/ST/STM32_USB_Host_Library/Core/Src/usbh_ctlreq.c:566:20:USBH_CtlReq.part.0	24	static
../Middlewares/ST/STM32_USB_Host_Library/Core/Src/usbh_ctlreq.c:113:20:USBH_Get_DevDesc	24	static
../Middlewares/ST/STM32_USB_Host_Library/Core/Src/usbh_ctlreq.c:138:20:USBH_Get_CfgDesc	48	static
../Middlewares/ST/STM32_USB_Host_Library/Core/Src/usbh_ctlreq.c:177:20:USBH_Get_StringDesc	24	static
../Middlewares/ST/STM32_USB_Host_Library/Core/Src/usbh_ctlreq.c:206:20:USBH_GetDescriptor	24	static
../Middlewares/ST/STM32_USB_Host_Library/Core/Src/usbh_ctlreq.c:239:20:USBH_SetAddress	24	static
../Middlewares/ST/STM32_USB_Host_Library/Core/Src/usbh_ctlreq.c:263:20:USBH_SetCfg	24	static
../Middlewares/ST/STM32_USB_Host_Library/Core/Src/usbh_ctlreq.c:286:20:USBH_SetInterface	24	static
../Middlewares/ST/STM32_USB_Host_Library/Core/Src/usbh_ctlreq.c:311:20:USBH_ClrFeature	24	static
../Middlewares/ST/STM32_USB_Host_Library/Core/Src/usbh_ctlreq.c:544:21:USBH_GetNextDesc	0	static
../Middlewares/ST/STM32_USB_Host_Library/Core/Src/usbh_ctlreq.c:566:20:USBH_CtlReq	24	static
